../Core/Src/stm32f1xx_it.c:79:6:NMI_Handler	4	static
../Core/Src/stm32f1xx_it.c:94:6:HardFault_Handler	4	static
../Core/Src/stm32f1xx_it.c:109:6:MemManage_Handler	4	static
../Core/Src/stm32f1xx_it.c:124:6:BusFault_Handler	4	static
../Core/Src/stm32f1xx_it.c:139:6:UsageFault_Handler	4	static
../Core/Src/stm32f1xx_it.c:154:6:SVC_Handler	4	static
../Core/Src/stm32f1xx_it.c:167:6:DebugMon_Handler	4	static
../Core/Src/stm32f1xx_it.c:180:6:PendSV_Handler	4	static
../Core/Src/stm32f1xx_it.c:193:6:SysTick_Handler	8	static
../Core/Src/stm32f1xx_it.c:214:6:RCC_IRQHandler	4	static
../Core/Src/stm32f1xx_it.c:227:6:DMA1_Channel4_IRQHandler	8	static
../Core/Src/stm32f1xx_it.c:241:6:DMA1_Channel5_IRQHandler	8	static
../Core/Src/stm32f1xx_it.c:255:6:DMA1_Channel6_IRQHandler	8	static
../Core/Src/stm32f1xx_it.c:269:6:DMA1_Channel7_IRQHandler	8	static
../Core/Src/stm32f1xx_it.c:283:6:USB_LP_CAN1_RX0_IRQHandler	8	static
../Core/Src/stm32f1xx_it.c:297:6:USART1_IRQHandler	24	static
../Core/Src/stm32f1xx_it.c:342:6:USART2_IRQHandler	24	static
