../Middlewares/ST/STM32_USB_Device_Library/Core/Src/usbd_conf_template.c:43:20:USBD_LL_Init	16	static
../Middlewares/ST/STM32_USB_Device_Library/Core/Src/usbd_conf_template.c:53:20:USBD_LL_DeInit	16	static
../Middlewares/ST/STM32_USB_Device_Library/Core/Src/usbd_conf_template.c:63:20:USBD_LL_Start	16	static
../Middlewares/ST/STM32_USB_Device_Library/Core/Src/usbd_conf_template.c:73:20:USBD_LL_Stop	16	static
../Middlewares/ST/STM32_USB_Device_Library/Core/Src/usbd_conf_template.c:86:20:USBD_LL_OpenEP	16	static
../Middlewares/ST/STM32_USB_Device_Library/Core/Src/usbd_conf_template.c:100:20:USBD_LL_CloseEP	16	static
../Middlewares/ST/STM32_USB_Device_Library/Core/Src/usbd_conf_template.c:111:20:USBD_LL_FlushEP	16	static
../Middlewares/ST/STM32_USB_Device_Library/Core/Src/usbd_conf_template.c:122:20:USBD_LL_StallEP	16	static
../Middlewares/ST/STM32_USB_Device_Library/Core/Src/usbd_conf_template.c:133:20:USBD_LL_ClearStallEP	16	static
../Middlewares/ST/STM32_USB_Device_Library/Core/Src/usbd_conf_template.c:144:9:USBD_LL_IsStallEP	16	static
../Middlewares/ST/STM32_USB_Device_Library/Core/Src/usbd_conf_template.c:155:20:USBD_LL_SetUSBAddress	16	static
../Middlewares/ST/STM32_USB_Device_Library/Core/Src/usbd_conf_template.c:168:20:USBD_LL_Transmit	24	static
../Middlewares/ST/STM32_USB_Device_Library/Core/Src/usbd_conf_template.c:184:20:USBD_LL_PrepareReceive	24	static
../Middlewares/ST/STM32_USB_Device_Library/Core/Src/usbd_conf_template.c:198:10:USBD_LL_GetRxDataSize	16	static
../Middlewares/ST/STM32_USB_Device_Library/Core/Src/usbd_conf_template.c:208:6:USBD_LL_Delay	16	static
