Archive member included to satisfy reference by file (symbol)

C:/ST/STM32CubeIDE_1.18.0/STM32CubeIDE/plugins/com.st.stm32cube.ide.mcu.externaltools.gnu-tools-for-stm32.13.3.rel1.win32_1.0.0.202411081344/tools/bin/../lib/gcc/arm-none-eabi/13.3.1/../../../../arm-none-eabi/lib/thumb/v7-m/nofp\libc_nano.a(libc_a-exit.o)
                              C:/ST/STM32CubeIDE_1.18.0/STM32CubeIDE/plugins/com.st.stm32cube.ide.mcu.externaltools.gnu-tools-for-stm32.13.3.rel1.win32_1.0.0.202411081344/tools/bin/../lib/gcc/arm-none-eabi/13.3.1/../../../../arm-none-eabi/lib/thumb/v7-m/nofp/crt0.o (exit)
C:/ST/STM32CubeIDE_1.18.0/STM32CubeIDE/plugins/com.st.stm32cube.ide.mcu.externaltools.gnu-tools-for-stm32.13.3.rel1.win32_1.0.0.202411081344/tools/bin/../lib/gcc/arm-none-eabi/13.3.1/../../../../arm-none-eabi/lib/thumb/v7-m/nofp\libc_nano.a(libc_a-findfp.o)
                              C:/ST/STM32CubeIDE_1.18.0/STM32CubeIDE/plugins/com.st.stm32cube.ide.mcu.externaltools.gnu-tools-for-stm32.13.3.rel1.win32_1.0.0.202411081344/tools/bin/../lib/gcc/arm-none-eabi/13.3.1/../../../../arm-none-eabi/lib/thumb/v7-m/nofp\libc_nano.a(libc_a-exit.o) (__stdio_exit_handler)
C:/ST/STM32CubeIDE_1.18.0/STM32CubeIDE/plugins/com.st.stm32cube.ide.mcu.externaltools.gnu-tools-for-stm32.13.3.rel1.win32_1.0.0.202411081344/tools/bin/../lib/gcc/arm-none-eabi/13.3.1/../../../../arm-none-eabi/lib/thumb/v7-m/nofp\libc_nano.a(libc_a-fwalk.o)
                              C:/ST/STM32CubeIDE_1.18.0/STM32CubeIDE/plugins/com.st.stm32cube.ide.mcu.externaltools.gnu-tools-for-stm32.13.3.rel1.win32_1.0.0.202411081344/tools/bin/../lib/gcc/arm-none-eabi/13.3.1/../../../../arm-none-eabi/lib/thumb/v7-m/nofp\libc_nano.a(libc_a-findfp.o) (_fwalk_sglue)
C:/ST/STM32CubeIDE_1.18.0/STM32CubeIDE/plugins/com.st.stm32cube.ide.mcu.externaltools.gnu-tools-for-stm32.13.3.rel1.win32_1.0.0.202411081344/tools/bin/../lib/gcc/arm-none-eabi/13.3.1/../../../../arm-none-eabi/lib/thumb/v7-m/nofp\libc_nano.a(libc_a-stdio.o)
                              C:/ST/STM32CubeIDE_1.18.0/STM32CubeIDE/plugins/com.st.stm32cube.ide.mcu.externaltools.gnu-tools-for-stm32.13.3.rel1.win32_1.0.0.202411081344/tools/bin/../lib/gcc/arm-none-eabi/13.3.1/../../../../arm-none-eabi/lib/thumb/v7-m/nofp\libc_nano.a(libc_a-findfp.o) (__sread)
C:/ST/STM32CubeIDE_1.18.0/STM32CubeIDE/plugins/com.st.stm32cube.ide.mcu.externaltools.gnu-tools-for-stm32.13.3.rel1.win32_1.0.0.202411081344/tools/bin/../lib/gcc/arm-none-eabi/13.3.1/../../../../arm-none-eabi/lib/thumb/v7-m/nofp\libc_nano.a(libc_a-memset.o)
                              C:/ST/STM32CubeIDE_1.18.0/STM32CubeIDE/plugins/com.st.stm32cube.ide.mcu.externaltools.gnu-tools-for-stm32.13.3.rel1.win32_1.0.0.202411081344/tools/bin/../lib/gcc/arm-none-eabi/13.3.1/../../../../arm-none-eabi/lib/thumb/v7-m/nofp/crt0.o (memset)
C:/ST/STM32CubeIDE_1.18.0/STM32CubeIDE/plugins/com.st.stm32cube.ide.mcu.externaltools.gnu-tools-for-stm32.13.3.rel1.win32_1.0.0.202411081344/tools/bin/../lib/gcc/arm-none-eabi/13.3.1/../../../../arm-none-eabi/lib/thumb/v7-m/nofp\libc_nano.a(libc_a-closer.o)
                              C:/ST/STM32CubeIDE_1.18.0/STM32CubeIDE/plugins/com.st.stm32cube.ide.mcu.externaltools.gnu-tools-for-stm32.13.3.rel1.win32_1.0.0.202411081344/tools/bin/../lib/gcc/arm-none-eabi/13.3.1/../../../../arm-none-eabi/lib/thumb/v7-m/nofp\libc_nano.a(libc_a-stdio.o) (_close_r)
C:/ST/STM32CubeIDE_1.18.0/STM32CubeIDE/plugins/com.st.stm32cube.ide.mcu.externaltools.gnu-tools-for-stm32.13.3.rel1.win32_1.0.0.202411081344/tools/bin/../lib/gcc/arm-none-eabi/13.3.1/../../../../arm-none-eabi/lib/thumb/v7-m/nofp\libc_nano.a(libc_a-reent.o)
                              C:/ST/STM32CubeIDE_1.18.0/STM32CubeIDE/plugins/com.st.stm32cube.ide.mcu.externaltools.gnu-tools-for-stm32.13.3.rel1.win32_1.0.0.202411081344/tools/bin/../lib/gcc/arm-none-eabi/13.3.1/../../../../arm-none-eabi/lib/thumb/v7-m/nofp\libc_nano.a(libc_a-closer.o) (errno)
C:/ST/STM32CubeIDE_1.18.0/STM32CubeIDE/plugins/com.st.stm32cube.ide.mcu.externaltools.gnu-tools-for-stm32.13.3.rel1.win32_1.0.0.202411081344/tools/bin/../lib/gcc/arm-none-eabi/13.3.1/../../../../arm-none-eabi/lib/thumb/v7-m/nofp\libc_nano.a(libc_a-impure.o)
                              C:/ST/STM32CubeIDE_1.18.0/STM32CubeIDE/plugins/com.st.stm32cube.ide.mcu.externaltools.gnu-tools-for-stm32.13.3.rel1.win32_1.0.0.202411081344/tools/bin/../lib/gcc/arm-none-eabi/13.3.1/../../../../arm-none-eabi/lib/thumb/v7-m/nofp\libc_nano.a(libc_a-reent.o) (_impure_ptr)
C:/ST/STM32CubeIDE_1.18.0/STM32CubeIDE/plugins/com.st.stm32cube.ide.mcu.externaltools.gnu-tools-for-stm32.13.3.rel1.win32_1.0.0.202411081344/tools/bin/../lib/gcc/arm-none-eabi/13.3.1/../../../../arm-none-eabi/lib/thumb/v7-m/nofp\libc_nano.a(libc_a-lseekr.o)
[...]
Memory Configuration

Name             Origin             Length             Attributes
RAM              0x20000000         0x00005000         xrw
FLASH            0x08000000         0x00010000         xr
*default*        0x00000000         0xffffffff

Linker script and memory map

LOAD C:/ST/STM32CubeIDE_1.18.0/STM32CubeIDE/plugins/com.st.stm32cube.ide.mcu.externaltools.gnu-tools-for-stm32.13.3.rel1.win32_1.0.0.202411081344/tools/bin/../lib/gcc/arm-none-eabi/13.3.1/thumb/v7-m/nofp/crti.o
LOAD C:/ST/STM32CubeIDE_1.18.0/STM32CubeIDE/plugins/com.st.stm32cube.ide.mcu.externaltools.gnu-tools-for-stm32.13.3.rel1.win32_1.0.0.202411081344/tools/bin/../lib/gcc/arm-none-eabi/13.3.1/thumb/v7-m/nofp/crtbegin.o
LOAD C:/ST/STM32CubeIDE_1.18.0/STM32CubeIDE/plugins/com.st.stm32cube.ide.mcu.externaltools.gnu-tools-for-stm32.13.3.rel1.win32_1.0.0.202411081344/tools/bin/../lib/gcc/arm-none-eabi/13.3.1/../../../../arm-none-eabi/lib/thumb/v7-m/nofp/crt0.o
LOAD ./Core/Src/SEGGER_RTT.o
LOAD ./Core/Src/SEGGER_RTT_printf.o
LOAD ./Core/Src/dma.o
LOAD ./Core/Src/gpio.o
LOAD ./Core/Src/main.o
LOAD ./Core/Src/rtc.o
LOAD ./Core/Src/stm32f1xx_hal_msp.o
LOAD ./Core/Src/stm32f1xx_it.o
LOAD ./Core/Src/syscalls.o
LOAD ./Core/Src/sysmem.o
LOAD ./Core/Src/system_stm32f1xx.o
LOAD ./Core/Src/usart.o
LOAD ./Core/Startup/startup_stm32f103c8tx.o
LOAD ./Drivers/STM32F1xx_HAL_Driver/Src/stm32f1xx_hal.o
LOAD ./Drivers/STM32F1xx_HAL_Driver/Src/stm32f1xx_hal_cortex.o
LOAD ./Drivers/STM32F1xx_HAL_Driver/Src/stm32f1xx_hal_dma.o
LOAD ./Drivers/STM32F1xx_HAL_Driver/Src/stm32f1xx_hal_exti.o
LOAD ./Drivers/STM32F1xx_HAL_Driver/Src/stm32f1xx_hal_flash.o
LOAD ./Drivers/STM32F1xx_HAL_Driver/Src/stm32f1xx_hal_flash_ex.o
LOAD ./Drivers/STM32F1xx_HAL_Driver/Src/stm32f1xx_hal_gpio.o
LOAD ./Drivers/STM32F1xx_HAL_Driver/Src/stm32f1xx_hal_gpio_ex.o
LOAD ./Drivers/STM32F1xx_HAL_Driver/Src/stm32f1xx_hal_pcd.o
LOAD ./Drivers/STM32F1xx_HAL_Driver/Src/stm32f1xx_hal_pcd_ex.o
LOAD ./Drivers/STM32F1xx_HAL_Driver/Src/stm32f1xx_hal_pwr.o
LOAD ./Drivers/STM32F1xx_HAL_Driver/Src/stm32f1xx_hal_rcc.o
LOAD ./Drivers/STM32F1xx_HAL_Driver/Src/stm32f1xx_hal_rcc_ex.o
LOAD ./Drivers/STM32F1xx_HAL_Driver/Src/stm32f1xx_hal_rtc.o
LOAD ./Drivers/STM32F1xx_HAL_Driver/Src/stm32f1xx_hal_rtc_ex.o
LOAD ./Drivers/STM32F1xx_HAL_Driver/Src/stm32f1xx_hal_uart.o
LOAD ./Drivers/STM32F1xx_HAL_Driver/Src/stm32f1xx_ll_usb.o
LOAD ./Middlewares/ST/STM32_USB_Device_Library/Class/CDC/Src/usbd_cdc.o
LOAD ./Middlewares/ST/STM32_USB_Device_Library/Core/Src/usbd_core.o
LOAD ./Middlewares/ST/STM32_USB_Device_Library/Core/Src/usbd_ctlreq.o
LOAD ./Middlewares/ST/STM32_USB_Device_Library/Core/Src/usbd_ioreq.o
LOAD ./USB_DEVICE/App/usb_device.o
LOAD ./USB_DEVICE/App/usbd_cdc_if.o
LOAD ./USB_DEVICE/App/usbd_desc.o
LOAD ./USB_DEVICE/Target/usbd_conf.o
START GROUP
LOAD C:/ST/STM32CubeIDE_1.18.0/STM32CubeIDE/plugins/com.st.stm32cube.ide.mcu.externaltools.gnu-tools-for-stm32.13.3.rel1.win32_1.0.0.202411081344/tools/bin/../lib/gcc/arm-none-eabi/13.3.1/../../../../arm-none-eabi/lib/thumb/v7-m/nofp\libc_nano.a
LOAD C:/ST/STM32CubeIDE_1.18.0/STM32CubeIDE/plugins/com.st.stm32cube.ide.mcu.externaltools.gnu-tools-for-stm32.13.3.rel1.win32_1.0.0.202411081344/tools/bin/../lib/gcc/arm-none-eabi/13.3.1/../../../../arm-none-eabi/lib/thumb/v7-m/nofp\libm.a
END GROUP
START GROUP
LOAD C:/ST/STM32CubeIDE_1.18.0/STM32CubeIDE/plugins/com.st.stm32cube.ide.mcu.externaltools.gnu-tools-for-stm32.13.3.rel1.win32_1.0.0.202411081344/tools/bin/../lib/gcc/arm-none-eabi/13.3.1/thumb/v7-m/nofp\libgcc.a
LOAD C:/ST/STM32CubeIDE_1.18.0/STM32CubeIDE/plugins/com.st.stm32cube.ide.mcu.externaltools.gnu-tools-for-stm32.13.3.rel1.win32_1.0.0.202411081344/tools/bin/../lib/gcc/arm-none-eabi/13.3.1/../../../../arm-none-eabi/lib/thumb/v7-m/nofp\libc_nano.a
END GROUP
START GROUP
LOAD C:/ST/STM32CubeIDE_1.18.0/STM32CubeIDE/plugins/com.st.stm32cube.ide.mcu.externaltools.gnu-tools-for-stm32.13.3.rel1.win32_1.0.0.202411081344/tools/bin/../lib/gcc/arm-none-eabi/13.3.1/thumb/v7-m/nofp\libgcc.a
LOAD C:/ST/STM32CubeIDE_1.18.0/STM32CubeIDE/plugins/com.st.stm32cube.ide.mcu.externaltools.gnu-tools-for-stm32.13.3.rel1.win32_1.0.0.202411081344/tools/bin/../lib/gcc/arm-none-eabi/13.3.1/../../../../arm-none-eabi/lib/thumb/v7-m/nofp\libc_nano.a
LOAD C:/ST/STM32CubeIDE_1.18.0/STM32CubeIDE/plugins/com.st.stm32cube.ide.mcu.externaltools.gnu-tools-for-stm32.13.3.rel1.win32_1.0.0.202411081344/tools/bin/../lib/gcc/arm-none-eabi/13.3.1/../../../../arm-none-eabi/lib/thumb/v7-m/nofp\libnosys.a
END GROUP
START GROUP
LOAD C:/ST/STM32CubeIDE_1.18.0/STM32CubeIDE/plugins/com.st.stm32cube.ide.mcu.externaltools.gnu-tools-for-stm32.13.3.rel1.win32_1.0.0.202411081344/tools/bin/../lib/gcc/arm-none-eabi/13.3.1/thumb/v7-m/nofp\libgcc.a
LOAD C:/ST/STM32CubeIDE_1.18.0/STM32CubeIDE/plugins/com.st.stm32cube.ide.mcu.externaltools.gnu-tools-for-stm32.13.3.rel1.win32_1.0.0.202411081344/tools/bin/../lib/gcc/arm-none-eabi/13.3.1/../../../../arm-none-eabi/lib/thumb/v7-m/nofp\libc_nano.a
LOAD C:/ST/STM32CubeIDE_1.18.0/STM32CubeIDE/plugins/com.st.stm32cube.ide.mcu.externaltools.gnu-tools-for-stm32.13.3.rel1.win32_1.0.0.202411081344/tools/bin/../lib/gcc/arm-none-eabi/13.3.1/../../../../arm-none-eabi/lib/thumb/v7-m/nofp\libnosys.a
END GROUP
LOAD C:/ST/STM32CubeIDE_1.18.0/STM32CubeIDE/plugins/com.st.stm32cube.ide.mcu.externaltools.gnu-tools-for-stm32.13.3.rel1.win32_1.0.0.202411081344/tools/bin/../lib/gcc/arm-none-eabi/13.3.1/thumb/v7-m/nofp/crtend.o
LOAD C:/ST/STM32CubeIDE_1.18.0/STM32CubeIDE/plugins/com.st.stm32cube.ide.mcu.externaltools.gnu-tools-for-stm32.13.3.rel1.win32_1.0.0.202411081344/tools/bin/../lib/gcc/arm-none-eabi/13.3.1/thumb/v7-m/nofp/crtn.o
                0x20005000                        _estack = (ORIGIN (RAM) + LENGTH (RAM))
                0x00000800                        _Min_Heap_Size = 0x800
                0x00000800                        _Min_Stack_Size = 0x800

.isr_vector     0x08000000      0x10c
                0x08000000                        . = ALIGN (0x4)
 *(.isr_vector)
 .isr_vector    0x08000000      0x10c ./Core/Startup/startup_stm32f103c8tx.o
                0x08000000                g_pfnVectors
                0x0800010c                        . = ALIGN (0x4)

.text           0x0800010c     0xa5c0
                0x0800010c                        . = ALIGN (0x4)
 *(.text)
 .text          0x0800010c       0x40 C:/ST/STM32CubeIDE_1.18.0/STM32CubeIDE/plugins/com.st.stm32cube.ide.mcu.externaltools.gnu-tools-for-stm32.13.3.rel1.win32_1.0.0.202411081344/tools/bin/../lib/gcc/arm-none-eabi/13.3.1/thumb/v7-m/nofp/crtbegin.o
 *(.text*)
 .text._DoInit  0x0800014c       0xa4 ./Core/Src/SEGGER_RTT.o
 .text._WriteBlocking
                0x080001f0       0xb4 ./Core/Src/SEGGER_RTT.o
 .text._WriteNoCheck
                0x080002a4       0x80 ./Core/Src/SEGGER_RTT.o
 .text._GetAvailWriteSpace
                0x08000324       0x44 ./Core/Src/SEGGER_RTT.o
 .text.SEGGER_RTT_WriteNoLock
                0x08000368       0xa0 ./Core/Src/SEGGER_RTT.o
                0x08000368                SEGGER_RTT_WriteNoLock
 .text.SEGGER_RTT_Write
                0x08000408       0x48 ./Core/Src/SEGGER_RTT.o
                0x08000408                SEGGER_RTT_Write
 .text._StoreChar
                0x08000450       0x7c ./Core/Src/SEGGER_RTT_printf.o
 .text._PrintUnsigned
                0x080004cc      0x158 ./Core/Src/SEGGER_RTT_printf.o
 .text._PrintInt
                0x08000624      0x14e ./Core/Src/SEGGER_RTT_printf.o
 *fill*         0x08000772        0x2 
 .text.SEGGER_RTT_vprintf
                0x08000774      0x3a8 ./Core/Src/SEGGER_RTT_printf.o
                0x08000774                SEGGER_RTT_vprintf
 .text.SEGGER_RTT_printf
                0x08000b1c       0x30 ./Core/Src/SEGGER_RTT_printf.o
                0x08000b1c                SEGGER_RTT_printf
 .text.MX_DMA_Init
                0x08000b4c       0xb8 ./Core/Src/dma.o
                0x08000b4c                MX_DMA_Init
 .text.MX_GPIO_Init
                0x08000c04       0x5c ./Core/Src/gpio.o
                0x08000c04                MX_GPIO_Init
 .text.main     0x08000c60      0x154 ./Core/Src/main.o
                0x08000c60                main
 .text.SystemClock_Config
                0x08000db4       0xbe ./Core/Src/main.o
                0x08000db4                SystemClock_Config
 *fill*         0x08000e72        0x2 
 .text._Error_Handler
                0x08000e74       0x28 ./Core/Src/main.o
                0x08000e74                _Error_Handler
 .text.USB_CDC_RxHandler_0
                0x08000e9c       0x2c ./Core/Src/main.o
                0x08000e9c                USB_CDC_RxHandler_0
 .text.USB_CDC_RxHandler_2
                0x08000ec8       0x2c ./Core/Src/main.o
                0x08000ec8                USB_CDC_RxHandler_2
 .text.Error_Handler
                0x08000ef4        0xc ./Core/Src/main.o
                0x08000ef4                Error_Handler
 .text.MX_RTC_Init
                0x08000f00       0x38 ./Core/Src/rtc.o
                0x08000f00                MX_RTC_Init
 .text.HAL_RTC_MspInit
                0x08000f38       0x48 ./Core/Src/rtc.o
                0x08000f38                HAL_RTC_MspInit
 .text.HAL_MspInit
                0x08000f80       0x74 ./Core/Src/stm32f1xx_hal_msp.o
                0x08000f80                HAL_MspInit
 .text.NMI_Handler
                0x08000ff4        0x8 ./Core/Src/stm32f1xx_it.o
                0x08000ff4                NMI_Handler
 .text.HardFault_Handler
                0x08000ffc        0x8 ./Core/Src/stm32f1xx_it.o
                0x08000ffc                HardFault_Handler
 .text.MemManage_Handler
                0x08001004        0x8 ./Core/Src/stm32f1xx_it.o
                0x08001004                MemManage_Handler
 .text.BusFault_Handler
                0x0800100c        0x8 ./Core/Src/stm32f1xx_it.o
                0x0800100c                BusFault_Handler
 .text.UsageFault_Handler
                0x08001014        0x8 ./Core/Src/stm32f1xx_it.o
                0x08001014                UsageFault_Handler
 .text.SVC_Handler
                0x0800101c        0xc ./Core/Src/stm32f1xx_it.o
                0x0800101c                SVC_Handler
 .text.DebugMon_Handler
                0x08001028        0xc ./Core/Src/stm32f1xx_it.o
                0x08001028                DebugMon_Handler
 .text.PendSV_Handler
                0x08001034        0xc ./Core/Src/stm32f1xx_it.o
                0x08001034                PendSV_Handler
 .text.SysTick_Handler
                0x08001040       0x10 ./Core/Src/stm32f1xx_it.o
                0x08001040                SysTick_Handler
 .text.RCC_IRQHandler
                0x08001050        0xc ./Core/Src/stm32f1xx_it.o
                0x08001050                RCC_IRQHandler
 .text.DMA1_Channel4_IRQHandler
                0x0800105c       0x14 ./Core/Src/stm32f1xx_it.o
                0x0800105c                DMA1_Channel4_IRQHandler
 .text.DMA1_Channel5_IRQHandler
                0x08001070       0x14 ./Core/Src/stm32f1xx_it.o
                0x08001070                DMA1_Channel5_IRQHandler
 .text.DMA1_Channel6_IRQHandler
                0x08001084       0x14 ./Core/Src/stm32f1xx_it.o
                0x08001084                DMA1_Channel6_IRQHandler
 .text.DMA1_Channel7_IRQHandler
                0x08001098       0x14 ./Core/Src/stm32f1xx_it.o
                0x08001098                DMA1_Channel7_IRQHandler
 .text.USB_LP_CAN1_RX0_IRQHandler
                0x080010ac       0x14 ./Core/Src/stm32f1xx_it.o
                0x080010ac                USB_LP_CAN1_RX0_IRQHandler
 .text.USART1_IRQHandler
                0x080010c0      0x11c ./Core/Src/stm32f1xx_it.o
                0x080010c0                USART1_IRQHandler
 .text.USART2_IRQHandler
                0x080011dc      0x11c ./Core/Src/stm32f1xx_it.o
                0x080011dc                USART2_IRQHandler
 .text.SystemInit
                0x080012f8        0xc ./Core/Src/system_stm32f1xx.o
                0x080012f8                SystemInit
 .text.MX_USART1_UART_Init
                0x08001304       0x54 ./Core/Src/usart.o
                0x08001304                MX_USART1_UART_Init
 .text.MX_USART2_UART_Init
                0x08001358       0x54 ./Core/Src/usart.o
                0x08001358                MX_USART2_UART_Init
 .text.HAL_UART_MspInit
                0x080013ac      0x280 ./Core/Src/usart.o
                0x080013ac                HAL_UART_MspInit
 .text.HAL_UART_RxHalfCpltCallback
                0x0800162c       0x70 ./Core/Src/usart.o
                0x0800162c                HAL_UART_RxHalfCpltCallback
 .text.HAL_UART_RxCpltCallback
                0x0800169c       0x70 ./Core/Src/usart.o
                0x0800169c                HAL_UART_RxCpltCallback
 .text.HAL_UART_ErrorCallback
                0x0800170c       0x44 ./Core/Src/usart.o
                0x0800170c                HAL_UART_ErrorCallback
 .text.Reset_Handler
                0x08001750       0x48 ./Core/Startup/startup_stm32f103c8tx.o
                0x08001750                Reset_Handler
 .text.Default_Handler
                0x08001798        0x2 ./Core/Startup/startup_stm32f103c8tx.o
                0x08001798                RTC_Alarm_IRQHandler
                0x08001798                EXTI2_IRQHandler
                0x08001798                TIM1_CC_IRQHandler
                0x08001798                PVD_IRQHandler
                0x08001798                EXTI3_IRQHandler
                0x08001798                EXTI0_IRQHandler
                0x08001798                I2C2_EV_IRQHandler
                0x08001798                ADC1_2_IRQHandler
                0x08001798                SPI1_IRQHandler
                0x08001798                TAMPER_IRQHandler
                0x08001798                USART3_IRQHandler
                0x08001798                RTC_IRQHandler
                0x08001798                CAN1_RX1_IRQHandler
                0x08001798                TIM4_IRQHandler
                0x08001798                I2C1_EV_IRQHandler
                0x08001798                TIM3_IRQHandler
                0x08001798                TIM1_TRG_COM_IRQHandler
                0x08001798                DMA1_Channel1_IRQHandler
                0x08001798                Default_Handler
                0x08001798                EXTI15_10_IRQHandler
                0x08001798                EXTI9_5_IRQHandler
                0x08001798                SPI2_IRQHandler
                0x08001798                EXTI4_IRQHandler
                0x08001798                USB_HP_CAN1_TX_IRQHandler
                0x08001798                DMA1_Channel3_IRQHandler
                0x08001798                TIM1_UP_IRQHandler
                0x08001798                WWDG_IRQHandler
                0x08001798                TIM2_IRQHandler
                0x08001798                TIM1_BRK_IRQHandler
                0x08001798                EXTI1_IRQHandler
                0x08001798                I2C2_ER_IRQHandler
                0x08001798                DMA1_Channel2_IRQHandler
                0x08001798                CAN1_SCE_IRQHandler
                0x08001798                FLASH_IRQHandler
                0x08001798                I2C1_ER_IRQHandler
                0x08001798                USBWakeUp_IRQHandler
 *fill*         0x0800179a        0x2 
 .text.HAL_Init
                0x0800179c       0x2c ./Drivers/STM32F1xx_HAL_Driver/Src/stm32f1xx_hal.o
                0x0800179c                HAL_Init
 .text.HAL_InitTick
                0x080017c8       0x60 ./Drivers/STM32F1xx_HAL_Driver/Src/stm32f1xx_hal.o
                0x080017c8                HAL_InitTick
 .text.HAL_IncTick
                0x08001828       0x24 ./Drivers/STM32F1xx_HAL_Driver/Src/stm32f1xx_hal.o
                0x08001828                HAL_IncTick
 .text.HAL_GetTick
                0x0800184c       0x14 ./Drivers/STM32F1xx_HAL_Driver/Src/stm32f1xx_hal.o
                0x0800184c                HAL_GetTick
 .text.HAL_Delay
                0x08001860       0x48 ./Drivers/STM32F1xx_HAL_Driver/Src/stm32f1xx_hal.o
                0x08001860                HAL_Delay
 .text.__NVIC_SetPriorityGrouping
                0x080018a8       0x48 ./Drivers/STM32F1xx_HAL_Driver/Src/stm32f1xx_hal_cortex.o
 .text.__NVIC_GetPriorityGrouping
                0x080018f0       0x1c ./Drivers/STM32F1xx_HAL_Driver/Src/stm32f1xx_hal_cortex.o
 .text.__NVIC_EnableIRQ
                0x0800190c       0x38 ./Drivers/STM32F1xx_HAL_Driver/Src/stm32f1xx_hal_cortex.o
 .text.__NVIC_SetPriority
                0x08001944       0x54 ./Drivers/STM32F1xx_HAL_Driver/Src/stm32f1xx_hal_cortex.o
 .text.NVIC_EncodePriority
                0x08001998       0x64 ./Drivers/STM32F1xx_HAL_Driver/Src/stm32f1xx_hal_cortex.o
 .text.SysTick_Config
                0x080019fc       0x44 ./Drivers/STM32F1xx_HAL_Driver/Src/stm32f1xx_hal_cortex.o
 .text.HAL_NVIC_SetPriorityGrouping
                0x08001a40       0x16 ./Drivers/STM32F1xx_HAL_Driver/Src/stm32f1xx_hal_cortex.o
                0x08001a40                HAL_NVIC_SetPriorityGrouping
 .text.HAL_NVIC_SetPriority
                0x08001a56       0x38 ./Drivers/STM32F1xx_HAL_Driver/Src/stm32f1xx_hal_cortex.o
                0x08001a56                HAL_NVIC_SetPriority
 .text.HAL_NVIC_EnableIRQ
                0x08001a8e       0x1c ./Drivers/STM32F1xx_HAL_Driver/Src/stm32f1xx_hal_cortex.o
                0x08001a8e                HAL_NVIC_EnableIRQ
 .text.HAL_SYSTICK_Config
                0x08001aaa       0x18 ./Drivers/STM32F1xx_HAL_Driver/Src/stm32f1xx_hal_cortex.o
                0x08001aaa                HAL_SYSTICK_Config
 .text.HAL_SYSTICK_IRQHandler
                0x08001ac2        0xc ./Drivers/STM32F1xx_HAL_Driver/Src/stm32f1xx_hal_cortex.o
                0x08001ac2                HAL_SYSTICK_IRQHandler
 .text.HAL_SYSTICK_Callback
                0x08001ace        0xc ./Drivers/STM32F1xx_HAL_Driver/Src/stm32f1xx_hal_cortex.o
                0x08001ace                HAL_SYSTICK_Callback
 *fill*         0x08001ada        0x2 
 .text.HAL_DMA_Init
                0x08001adc       0xb4 ./Drivers/STM32F1xx_HAL_Driver/Src/stm32f1xx_hal_dma.o
                0x08001adc                HAL_DMA_Init
 .text.HAL_DMA_Start
                0x08001b90       0x86 ./Drivers/STM32F1xx_HAL_Driver/Src/stm32f1xx_hal_dma.o
                0x08001b90                HAL_DMA_Start
 .text.HAL_DMA_Start_IT
                0x08001c16       0xc0 ./Drivers/STM32F1xx_HAL_Driver/Src/stm32f1xx_hal_dma.o
                0x08001c16                HAL_DMA_Start_IT
 .text.HAL_DMA_Abort
                0x08001cd6       0x76 ./Drivers/STM32F1xx_HAL_Driver/Src/stm32f1xx_hal_dma.o
                0x08001cd6                HAL_DMA_Abort
 .text.HAL_DMA_Abort_IT
                0x08001d4c       0xf0 ./Drivers/STM32F1xx_HAL_Driver/Src/stm32f1xx_hal_dma.o
                0x08001d4c                HAL_DMA_Abort_IT
 .text.HAL_DMA_PollForTransfer
                0x08001e3c      0x324 ./Drivers/STM32F1xx_HAL_Driver/Src/stm32f1xx_hal_dma.o
                0x08001e3c                HAL_DMA_PollForTransfer
 .text.HAL_DMA_IRQHandler
                0x08002160      0x20c ./Drivers/STM32F1xx_HAL_Driver/Src/stm32f1xx_hal_dma.o
                0x08002160                HAL_DMA_IRQHandler
 .text.DMA_SetConfig
                0x0800236c       0x5a ./Drivers/STM32F1xx_HAL_Driver/Src/stm32f1xx_hal_dma.o
 *fill*         0x080023c6        0x2 
 .text.HAL_GPIO_Init
                0x080023c8      0x308 ./Drivers/STM32F1xx_HAL_Driver/Src/stm32f1xx_hal_gpio.o
                0x080023c8                HAL_GPIO_Init
 .text.HAL_PCD_Init
                0x080026d0      0x1ec ./Drivers/STM32F1xx_HAL_Driver/Src/stm32f1xx_hal_pcd.o
                0x080026d0                HAL_PCD_Init
 .text.HAL_PCD_Start
                0x080028bc       0x4c ./Drivers/STM32F1xx_HAL_Driver/Src/stm32f1xx_hal_pcd.o
                0x080028bc                HAL_PCD_Start
 .text.HAL_PCD_IRQHandler
                0x08002908      0x260 ./Drivers/STM32F1xx_HAL_Driver/Src/stm32f1xx_hal_pcd.o
                0x08002908                HAL_PCD_IRQHandler
 .text.HAL_PCD_SetAddress
                0x08002b68       0x48 ./Drivers/STM32F1xx_HAL_Driver/Src/stm32f1xx_hal_pcd.o
                0x08002b68                HAL_PCD_SetAddress
 .text.HAL_PCD_EP_Open
                0x08002bb0       0xba ./Drivers/STM32F1xx_HAL_Driver/Src/stm32f1xx_hal_pcd.o
                0x08002bb0                HAL_PCD_EP_Open
 .text.HAL_PCD_EP_Close
                0x08002c6a       0x90 ./Drivers/STM32F1xx_HAL_Driver/Src/stm32f1xx_hal_pcd.o
                0x08002c6a                HAL_PCD_EP_Close
 .text.HAL_PCD_EP_Receive
                0x08002cfa       0x62 ./Drivers/STM32F1xx_HAL_Driver/Src/stm32f1xx_hal_pcd.o
                0x08002cfa                HAL_PCD_EP_Receive
 .text.HAL_PCD_EP_GetRxCount
                0x08002d5c       0x2e ./Drivers/STM32F1xx_HAL_Driver/Src/stm32f1xx_hal_pcd.o
                0x08002d5c                HAL_PCD_EP_GetRxCount
 .text.HAL_PCD_EP_Transmit
                0x08002d8a       0x6e ./Drivers/STM32F1xx_HAL_Driver/Src/stm32f1xx_hal_pcd.o
                0x08002d8a                HAL_PCD_EP_Transmit
 .text.HAL_PCD_EP_SetStall
                0x08002df8       0xc0 ./Drivers/STM32F1xx_HAL_Driver/Src/stm32f1xx_hal_pcd.o
                0x08002df8                HAL_PCD_EP_SetStall
 .text.HAL_PCD_EP_ClrStall
                0x08002eb8       0xa8 ./Drivers/STM32F1xx_HAL_Driver/Src/stm32f1xx_hal_pcd.o
                0x08002eb8                HAL_PCD_EP_ClrStall
 .text.PCD_EP_ISR_Handler
                0x08002f60      0x79e ./Drivers/STM32F1xx_HAL_Driver/Src/stm32f1xx_hal_pcd.o
 .text.HAL_PCD_EP_DB_Receive
                0x080036fe      0x21a ./Drivers/STM32F1xx_HAL_Driver/Src/stm32f1xx_hal_pcd.o
 .text.HAL_PCD_EP_DB_Transmit
                0x08003918      0x7f4 ./Drivers/STM32F1xx_HAL_Driver/Src/stm32f1xx_hal_pcd.o
 .text.HAL_PCDEx_PMAConfig
                0x0800410c       0x84 ./Drivers/STM32F1xx_HAL_Driver/Src/stm32f1xx_hal_pcd_ex.o
                0x0800410c                HAL_PCDEx_PMAConfig
 .text.HAL_PWR_EnableBkUpAccess
                0x08004190       0x18 ./Drivers/STM32F1xx_HAL_Driver/Src/stm32f1xx_hal_pwr.o
                0x08004190                HAL_PWR_EnableBkUpAccess
 .text.HAL_RCC_OscConfig
                0x080041a8      0x504 ./Drivers/STM32F1xx_HAL_Driver/Src/stm32f1xx_hal_rcc.o
                0x080041a8                HAL_RCC_OscConfig
 .text.HAL_RCC_ClockConfig
                0x080046ac      0x1d4 ./Drivers/STM32F1xx_HAL_Driver/Src/stm32f1xx_hal_rcc.o
                0x080046ac                HAL_RCC_ClockConfig
 .text.HAL_RCC_GetSysClockFreq
                0x08004880       0xa8 ./Drivers/STM32F1xx_HAL_Driver/Src/stm32f1xx_hal_rcc.o
                0x08004880                HAL_RCC_GetSysClockFreq
 .text.HAL_RCC_GetHCLKFreq
                0x08004928       0x14 ./Drivers/STM32F1xx_HAL_Driver/Src/stm32f1xx_hal_rcc.o
                0x08004928                HAL_RCC_GetHCLKFreq
 .text.HAL_RCC_GetPCLK1Freq
                0x0800493c       0x28 ./Drivers/STM32F1xx_HAL_Driver/Src/stm32f1xx_hal_rcc.o
                0x0800493c                HAL_RCC_GetPCLK1Freq
 .text.HAL_RCC_GetPCLK2Freq
                0x08004964       0x28 ./Drivers/STM32F1xx_HAL_Driver/Src/stm32f1xx_hal_rcc.o
                0x08004964                HAL_RCC_GetPCLK2Freq
 .text.RCC_Delay
                0x0800498c       0x3c ./Drivers/STM32F1xx_HAL_Driver/Src/stm32f1xx_hal_rcc.o
 .text.HAL_RCCEx_PeriphCLKConfig
                0x080049c8      0x16c ./Drivers/STM32F1xx_HAL_Driver/Src/stm32f1xx_hal_rcc_ex.o
                0x080049c8                HAL_RCCEx_PeriphCLKConfig
 .text.HAL_RCCEx_GetPeriphCLKFreq
                0x08004b34      0x16c ./Drivers/STM32F1xx_HAL_Driver/Src/stm32f1xx_hal_rcc_ex.o
                0x08004b34                HAL_RCCEx_GetPeriphCLKFreq
 .text.HAL_RTC_Init
                0x08004ca0      0x118 ./Drivers/STM32F1xx_HAL_Driver/Src/stm32f1xx_hal_rtc.o
                0x08004ca0                HAL_RTC_Init
 .text.HAL_RTC_WaitForSynchro
                0x08004db8       0x5a ./Drivers/STM32F1xx_HAL_Driver/Src/stm32f1xx_hal_rtc.o
                0x08004db8                HAL_RTC_WaitForSynchro
 .text.RTC_EnterInitMode
                0x08004e12       0x50 ./Drivers/STM32F1xx_HAL_Driver/Src/stm32f1xx_hal_rtc.o
 .text.RTC_ExitInitMode
                0x08004e62       0x50 ./Drivers/STM32F1xx_HAL_Driver/Src/stm32f1xx_hal_rtc.o
 .text.HAL_UART_Init
                0x08004eb2       0xa0 ./Drivers/STM32F1xx_HAL_Driver/Src/stm32f1xx_hal_uart.o
                0x08004eb2                HAL_UART_Init
 *fill*         0x08004f52        0x2 
 .text.HAL_UART_Transmit_DMA
                0x08004f54       0xe0 ./Drivers/STM32F1xx_HAL_Driver/Src/stm32f1xx_hal_uart.o
                0x08004f54                HAL_UART_Transmit_DMA
 .text.HAL_UART_Receive_DMA
                0x08005034       0x4a ./Drivers/STM32F1xx_HAL_Driver/Src/stm32f1xx_hal_uart.o
                0x08005034                HAL_UART_Receive_DMA
 .text.HAL_UART_DMAStop
                0x0800507e       0xfe ./Drivers/STM32F1xx_HAL_Driver/Src/stm32f1xx_hal_uart.o
                0x0800507e                HAL_UART_DMAStop
 .text.HAL_UART_IRQHandler
                0x0800517c      0x524 ./Drivers/STM32F1xx_HAL_Driver/Src/stm32f1xx_hal_uart.o
                0x0800517c                HAL_UART_IRQHandler
 .text.HAL_UART_TxCpltCallback
                0x080056a0       0x12 ./Drivers/STM32F1xx_HAL_Driver/Src/stm32f1xx_hal_uart.o
                0x080056a0                HAL_UART_TxCpltCallback
 .text.HAL_UART_TxHalfCpltCallback
                0x080056b2       0x12 ./Drivers/STM32F1xx_HAL_Driver/Src/stm32f1xx_hal_uart.o
                0x080056b2                HAL_UART_TxHalfCpltCallback
 .text.HAL_UARTEx_RxEventCallback
                0x080056c4       0x16 ./Drivers/STM32F1xx_HAL_Driver/Src/stm32f1xx_hal_uart.o
                0x080056c4                HAL_UARTEx_RxEventCallback
 .text.UART_DMATransmitCplt
                0x080056da       0x9a ./Drivers/STM32F1xx_HAL_Driver/Src/stm32f1xx_hal_uart.o
 .text.UART_DMATxHalfCplt
                0x08005774       0x1c ./Drivers/STM32F1xx_HAL_Driver/Src/stm32f1xx_hal_uart.o
 .text.UART_DMAReceiveCplt
                0x08005790      0x12c ./Drivers/STM32F1xx_HAL_Driver/Src/stm32f1xx_hal_uart.o
 .text.UART_DMARxHalfCplt
                0x080058bc       0x3c ./Drivers/STM32F1xx_HAL_Driver/Src/stm32f1xx_hal_uart.o
 .text.UART_DMAError
                0x080058f8       0x94 ./Drivers/STM32F1xx_HAL_Driver/Src/stm32f1xx_hal_uart.o
 .text.UART_Start_Receive_DMA
                0x0800598c      0x134 ./Drivers/STM32F1xx_HAL_Driver/Src/stm32f1xx_hal_uart.o
                0x0800598c                UART_Start_Receive_DMA
 .text.UART_EndTxTransfer
                0x08005ac0       0x4e ./Drivers/STM32F1xx_HAL_Driver/Src/stm32f1xx_hal_uart.o
 .text.UART_EndRxTransfer
                0x08005b0e       0xc4 ./Drivers/STM32F1xx_HAL_Driver/Src/stm32f1xx_hal_uart.o
 .text.UART_DMAAbortOnError
                0x08005bd2       0x28 ./Drivers/STM32F1xx_HAL_Driver/Src/stm32f1xx_hal_uart.o
 .text.UART_Transmit_IT
                0x08005bfa       0x9e ./Drivers/STM32F1xx_HAL_Driver/Src/stm32f1xx_hal_uart.o
 .text.UART_EndTransmit_IT
                0x08005c98       0x30 ./Drivers/STM32F1xx_HAL_Driver/Src/stm32f1xx_hal_uart.o
 .text.UART_Receive_IT
                0x08005cc8      0x17c ./Drivers/STM32F1xx_HAL_Driver/Src/stm32f1xx_hal_uart.o
 .text.UART_SetConfig
                0x08005e44      0x11c ./Drivers/STM32F1xx_HAL_Driver/Src/stm32f1xx_hal_uart.o
 .text.USB_CoreInit
                0x08005f60       0x1a ./Drivers/STM32F1xx_HAL_Driver/Src/stm32f1xx_ll_usb.o
                0x08005f60                USB_CoreInit
 .text.USB_EnableGlobalInt
                0x08005f7a       0x2c ./Drivers/STM32F1xx_HAL_Driver/Src/stm32f1xx_ll_usb.o
                0x08005f7a                USB_EnableGlobalInt
 .text.USB_DisableGlobalInt
                0x08005fa6       0x34 ./Drivers/STM32F1xx_HAL_Driver/Src/stm32f1xx_ll_usb.o
                0x08005fa6                USB_DisableGlobalInt
 .text.USB_SetCurrentMode
                0x08005fda       0x18 ./Drivers/STM32F1xx_HAL_Driver/Src/stm32f1xx_ll_usb.o
                0x08005fda                USB_SetCurrentMode
 .text.USB_DevInit
                0x08005ff2       0x3a ./Drivers/STM32F1xx_HAL_Driver/Src/stm32f1xx_ll_usb.o
                0x08005ff2                USB_DevInit
 .text.USB_ActivateEndpoint
                0x0800602c      0x780 ./Drivers/STM32F1xx_HAL_Driver/Src/stm32f1xx_ll_usb.o
                0x0800602c                USB_ActivateEndpoint
 .text.USB_DeactivateEndpoint
                0x080067ac      0x3d8 ./Drivers/STM32F1xx_HAL_Driver/Src/stm32f1xx_ll_usb.o
                0x080067ac                USB_DeactivateEndpoint
 .text.USB_EPStartXfer
                0x08006b84     0x1762 ./Drivers/STM32F1xx_HAL_Driver/Src/stm32f1xx_ll_usb.o
                0x08006b84                USB_EPStartXfer
 .text.USB_EPSetStall
                0x080082e6       0xa0 ./Drivers/STM32F1xx_HAL_Driver/Src/stm32f1xx_ll_usb.o
                0x080082e6                USB_EPSetStall
 .text.USB_EPClearStall
                0x08008386      0x15a ./Drivers/STM32F1xx_HAL_Driver/Src/stm32f1xx_ll_usb.o
                0x08008386                USB_EPClearStall
 .text.USB_SetDevAddress
                0x080084e0       0x26 ./Drivers/STM32F1xx_HAL_Driver/Src/stm32f1xx_ll_usb.o
                0x080084e0                USB_SetDevAddress
 .text.USB_DevConnect
                0x08008506       0x14 ./Drivers/STM32F1xx_HAL_Driver/Src/stm32f1xx_ll_usb.o
                0x08008506                USB_DevConnect
 .text.USB_DevDisconnect
                0x0800851a       0x14 ./Drivers/STM32F1xx_HAL_Driver/Src/stm32f1xx_ll_usb.o
                0x0800851a                USB_DevDisconnect
 .text.USB_ReadInterrupts
                0x0800852e       0x1e ./Drivers/STM32F1xx_HAL_Driver/Src/stm32f1xx_ll_usb.o
                0x0800852e                USB_ReadInterrupts
 .text.USB_EP0_OutStart
                0x0800854c       0x16 ./Drivers/STM32F1xx_HAL_Driver/Src/stm32f1xx_ll_usb.o
                0x0800854c                USB_EP0_OutStart
 .text.USB_WritePMA
                0x08008562       0x8c ./Drivers/STM32F1xx_HAL_Driver/Src/stm32f1xx_ll_usb.o
                0x08008562                USB_WritePMA
 .text.USB_ReadPMA
                0x080085ee       0x9e ./Drivers/STM32F1xx_HAL_Driver/Src/stm32f1xx_ll_usb.o
                0x080085ee                USB_ReadPMA
 .text.USBD_CDC_Init
                0x0800868c      0x134 ./Middlewares/ST/STM32_USB_Device_Library/Class/CDC/Src/usbd_cdc.o
 .text.USBD_CDC_DeInit
                0x080087c0       0x72 ./Middlewares/ST/STM32_USB_Device_Library/Class/CDC/Src/usbd_cdc.o
 *fill*         0x08008832        0x2 
 .text.USBD_CDC_Setup
                0x08008834       0xc4 ./Middlewares/ST/STM32_USB_Device_Library/Class/CDC/Src/usbd_cdc.o
 .text.USBD_CDC_DataIn
                0x080088f8       0x36 ./Middlewares/ST/STM32_USB_Device_Library/Class/CDC/Src/usbd_cdc.o
 .text.USBD_CDC_DataOut
                0x0800892e       0x60 ./Middlewares/ST/STM32_USB_Device_Library/Class/CDC/Src/usbd_cdc.o
 .text.USBD_CDC_EP0_RxReady
                0x0800898e       0x56 ./Middlewares/ST/STM32_USB_Device_Library/Class/CDC/Src/usbd_cdc.o
 .text.USBD_CDC_GetFSCfgDesc
                0x080089e4       0x20 ./Middlewares/ST/STM32_USB_Device_Library/Class/CDC/Src/usbd_cdc.o
 .text.USBD_CDC_GetHSCfgDesc
                0x08008a04       0x20 ./Middlewares/ST/STM32_USB_Device_Library/Class/CDC/Src/usbd_cdc.o
 .text.USBD_CDC_GetOtherSpeedCfgDesc
                0x08008a24       0x20 ./Middlewares/ST/STM32_USB_Device_Library/Class/CDC/Src/usbd_cdc.o
 .text.USBD_CDC_GetDeviceQualifierDescriptor
                0x08008a44       0x20 ./Middlewares/ST/STM32_USB_Device_Library/Class/CDC/Src/usbd_cdc.o
                0x08008a44                USBD_CDC_GetDeviceQualifierDescriptor
 .text.USBD_CDC_RegisterInterface
                0x08008a64       0x2c ./Middlewares/ST/STM32_USB_Device_Library/Class/CDC/Src/usbd_cdc.o
                0x08008a64                USBD_CDC_RegisterInterface
 .text.USBD_CDC_SetTxBuffer
                0x08008a90       0x32 ./Middlewares/ST/STM32_USB_Device_Library/Class/CDC/Src/usbd_cdc.o
                0x08008a90                USBD_CDC_SetTxBuffer
 .text.USBD_CDC_SetRxBuffer
                0x08008ac2       0x26 ./Middlewares/ST/STM32_USB_Device_Library/Class/CDC/Src/usbd_cdc.o
                0x08008ac2                USBD_CDC_SetRxBuffer
 .text.USBD_CDC_TransmitPacket
                0x08008ae8       0x62 ./Middlewares/ST/STM32_USB_Device_Library/Class/CDC/Src/usbd_cdc.o
                0x08008ae8                USBD_CDC_TransmitPacket
 .text.USBD_CDC_ReceivePacket
                0x08008b4a       0x6c ./Middlewares/ST/STM32_USB_Device_Library/Class/CDC/Src/usbd_cdc.o
                0x08008b4a                USBD_CDC_ReceivePacket
 .text.USBD_Init
                0x08008bb6       0x56 ./Middlewares/ST/STM32_USB_Device_Library/Core/Src/usbd_core.o
                0x08008bb6                USBD_Init
 .text.USBD_RegisterClass
                0x08008c0c       0x32 ./Middlewares/ST/STM32_USB_Device_Library/Core/Src/usbd_core.o
                0x08008c0c                USBD_RegisterClass
 .text.USBD_Start
                0x08008c3e       0x18 ./Middlewares/ST/STM32_USB_Device_Library/Core/Src/usbd_core.o
                0x08008c3e                USBD_Start
 .text.USBD_RunTestMode
                0x08008c56       0x14 ./Middlewares/ST/STM32_USB_Device_Library/Core/Src/usbd_core.o
                0x08008c56                USBD_RunTestMode
 .text.USBD_SetClassConfig
                0x08008c6a       0x3e ./Middlewares/ST/STM32_USB_Device_Library/Core/Src/usbd_core.o
                0x08008c6a                USBD_SetClassConfig
 .text.USBD_ClrClassConfig
                0x08008ca8       0x26 ./Middlewares/ST/STM32_USB_Device_Library/Core/Src/usbd_core.o
                0x08008ca8                USBD_ClrClassConfig
 .text.USBD_LL_SetupStage
                0x08008cce       0x9a ./Middlewares/ST/STM32_USB_Device_Library/Core/Src/usbd_core.o
                0x08008cce                USBD_LL_SetupStage
 .text.USBD_LL_DataOutStage
                0x08008d68       0xb6 ./Middlewares/ST/STM32_USB_Device_Library/Core/Src/usbd_core.o
                0x08008d68                USBD_LL_DataOutStage
 .text.USBD_LL_DataInStage
                0x08008e1e      0x11e ./Middlewares/ST/STM32_USB_Device_Library/Core/Src/usbd_core.o
                0x08008e1e                USBD_LL_DataInStage
 .text.USBD_LL_Reset
                0x08008f3c       0x5e ./Middlewares/ST/STM32_USB_Device_Library/Core/Src/usbd_core.o
                0x08008f3c                USBD_LL_Reset
 .text.USBD_LL_SetSpeed
                0x08008f9a       0x1e ./Middlewares/ST/STM32_USB_Device_Library/Core/Src/usbd_core.o
                0x08008f9a                USBD_LL_SetSpeed
 .text.USBD_LL_Suspend
                0x08008fb8       0x28 ./Middlewares/ST/STM32_USB_Device_Library/Core/Src/usbd_core.o
                0x08008fb8                USBD_LL_Suspend
 .text.USBD_LL_Resume
                0x08008fe0       0x20 ./Middlewares/ST/STM32_USB_Device_Library/Core/Src/usbd_core.o
                0x08008fe0                USBD_LL_Resume
 .text.USBD_LL_SOF
                0x08009000       0x34 ./Middlewares/ST/STM32_USB_Device_Library/Core/Src/usbd_core.o
                0x08009000                USBD_LL_SOF
 .text.USBD_StdDevReq
                0x08009034       0xa0 ./Middlewares/ST/STM32_USB_Device_Library/Core/Src/usbd_ctlreq.o
                0x08009034                USBD_StdDevReq
 .text.USBD_StdItfReq
                0x080090d4       0x66 ./Middlewares/ST/STM32_USB_Device_Library/Core/Src/usbd_ctlreq.o
                0x080090d4                USBD_StdItfReq
 .text.USBD_StdEPReq
                0x0800913a      0x1b8 ./Middlewares/ST/STM32_USB_Device_Library/Core/Src/usbd_ctlreq.o
                0x0800913a                USBD_StdEPReq
 *fill*         0x080092f2        0x2 
 .text.USBD_GetDescriptor
                0x080092f4      0x1e8 ./Middlewares/ST/STM32_USB_Device_Library/Core/Src/usbd_ctlreq.o
 .text.USBD_SetAddress
                0x080094dc       0x7e ./Middlewares/ST/STM32_USB_Device_Library/Core/Src/usbd_ctlreq.o
 *fill*         0x0800955a        0x2 
 .text.USBD_SetConfig
                0x0800955c      0x110 ./Middlewares/ST/STM32_USB_Device_Library/Core/Src/usbd_ctlreq.o
 .text.USBD_GetConfig
                0x0800966c       0x64 ./Middlewares/ST/STM32_USB_Device_Library/Core/Src/usbd_ctlreq.o
 .text.USBD_GetStatus
                0x080096d0       0x54 ./Middlewares/ST/STM32_USB_Device_Library/Core/Src/usbd_ctlreq.o
 .text.USBD_SetFeature
                0x08009724       0x36 ./Middlewares/ST/STM32_USB_Device_Library/Core/Src/usbd_ctlreq.o
 .text.USBD_ClrFeature
                0x0800975a       0x50 ./Middlewares/ST/STM32_USB_Device_Library/Core/Src/usbd_ctlreq.o
 .text.USBD_ParseSetupRequest
                0x080097aa       0x72 ./Middlewares/ST/STM32_USB_Device_Library/Core/Src/usbd_ctlreq.o
                0x080097aa                USBD_ParseSetupRequest
 .text.USBD_CtlError
                0x0800981c       0x22 ./Middlewares/ST/STM32_USB_Device_Library/Core/Src/usbd_ctlreq.o
                0x0800981c                USBD_CtlError
 .text.USBD_GetString
                0x0800983e       0x86 ./Middlewares/ST/STM32_USB_Device_Library/Core/Src/usbd_ctlreq.o
                0x0800983e                USBD_GetString
 .text.USBD_GetLen
                0x080098c4       0x2e ./Middlewares/ST/STM32_USB_Device_Library/Core/Src/usbd_ctlreq.o
 .text.USBD_CtlSendData
                0x080098f2       0x38 ./Middlewares/ST/STM32_USB_Device_Library/Core/Src/usbd_ioreq.o
                0x080098f2                USBD_CtlSendData
 .text.USBD_CtlContinueSendData
                0x0800992a       0x24 ./Middlewares/ST/STM32_USB_Device_Library/Core/Src/usbd_ioreq.o
                0x0800992a                USBD_CtlContinueSendData
 .text.USBD_CtlPrepareRx
                0x0800994e       0x3c ./Middlewares/ST/STM32_USB_Device_Library/Core/Src/usbd_ioreq.o
                0x0800994e                USBD_CtlPrepareRx
 .text.USBD_CtlContinueRx
                0x0800998a       0x24 ./Middlewares/ST/STM32_USB_Device_Library/Core/Src/usbd_ioreq.o
                0x0800998a                USBD_CtlContinueRx
 .text.USBD_CtlSendStatus
                0x080099ae       0x26 ./Middlewares/ST/STM32_USB_Device_Library/Core/Src/usbd_ioreq.o
                0x080099ae                USBD_CtlSendStatus
 .text.USBD_CtlReceiveStatus
                0x080099d4       0x26 ./Middlewares/ST/STM32_USB_Device_Library/Core/Src/usbd_ioreq.o
                0x080099d4                USBD_CtlReceiveStatus
 *fill*         0x080099fa        0x2 
 .text.MX_USB_DEVICE_Init
                0x080099fc       0x38 ./USB_DEVICE/App/usb_device.o
                0x080099fc                MX_USB_DEVICE_Init
 .text.__NVIC_ClearPendingIRQ
                0x08009a34       0x3c ./USB_DEVICE/App/usbd_cdc_if.o
 .text.CDC_Init_FS
                0x08009a70       0x28 ./USB_DEVICE/App/usbd_cdc_if.o
 .text.CDC_DeInit_FS
                0x08009a98        0xe ./USB_DEVICE/App/usbd_cdc_if.o
 *fill*         0x08009aa6        0x2 
 .text.CDC_Control_FS
                0x08009aa8      0x214 ./USB_DEVICE/App/usbd_cdc_if.o
 .text.CDC_Receive_FS
                0x08009cbc       0x90 ./USB_DEVICE/App/usbd_cdc_if.o
 .text.CDC_Transmit_FS
                0x08009d4c       0xd8 ./USB_DEVICE/App/usbd_cdc_if.o
                0x08009d4c                CDC_Transmit_FS
 .text.USBD_FS_DeviceDescriptor
                0x08009e24       0x24 ./USB_DEVICE/App/usbd_desc.o
                0x08009e24                USBD_FS_DeviceDescriptor
 .text.USBD_FS_LangIDStrDescriptor
                0x08009e48       0x24 ./USB_DEVICE/App/usbd_desc.o
                0x08009e48                USBD_FS_LangIDStrDescriptor
 .text.USBD_FS_ProductStrDescriptor
                0x08009e6c       0x3c ./USB_DEVICE/App/usbd_desc.o
                0x08009e6c                USBD_FS_ProductStrDescriptor
 .text.USBD_FS_ManufacturerStrDescriptor
                0x08009ea8       0x28 ./USB_DEVICE/App/usbd_desc.o
                0x08009ea8                USBD_FS_ManufacturerStrDescriptor
 .text.USBD_FS_SerialStrDescriptor
                0x08009ed0       0x3c ./USB_DEVICE/App/usbd_desc.o
                0x08009ed0                USBD_FS_SerialStrDescriptor
 .text.USBD_FS_ConfigStrDescriptor
                0x08009f0c       0x3c ./USB_DEVICE/App/usbd_desc.o
                0x08009f0c                USBD_FS_ConfigStrDescriptor
 .text.USBD_FS_InterfaceStrDescriptor
                0x08009f48       0x3c ./USB_DEVICE/App/usbd_desc.o
                0x08009f48                USBD_FS_InterfaceStrDescriptor
 .text.HAL_PCD_MspInit
                0x08009f84       0x4c ./USB_DEVICE/Target/usbd_conf.o
                0x08009f84                HAL_PCD_MspInit
 .text.HAL_PCD_SetupStageCallback
                0x08009fd0       0x24 ./USB_DEVICE/Target/usbd_conf.o
                0x08009fd0                HAL_PCD_SetupStageCallback
 .text.HAL_PCD_DataOutStageCallback
                0x08009ff4       0x36 ./USB_DEVICE/Target/usbd_conf.o
                0x08009ff4                HAL_PCD_DataOutStageCallback
 .text.HAL_PCD_DataInStageCallback
                0x0800a02a       0x34 ./USB_DEVICE/Target/usbd_conf.o
                0x0800a02a                HAL_PCD_DataInStageCallback
 .text.HAL_PCD_SOFCallback
                0x0800a05e       0x1c ./USB_DEVICE/Target/usbd_conf.o
                0x0800a05e                HAL_PCD_SOFCallback
 .text.HAL_PCD_ResetCallback
                0x0800a07a       0x44 ./USB_DEVICE/Target/usbd_conf.o
                0x0800a07a                HAL_PCD_ResetCallback
 *fill*         0x0800a0be        0x2 
 .text.HAL_PCD_SuspendCallback
                0x0800a0c0       0x34 ./USB_DEVICE/Target/usbd_conf.o
                0x0800a0c0                HAL_PCD_SuspendCallback
 .text.HAL_PCD_ResumeCallback
                0x0800a0f4       0x1c ./USB_DEVICE/Target/usbd_conf.o
                0x0800a0f4                HAL_PCD_ResumeCallback
 .text.USBD_LL_Init
                0x0800a110       0xf8 ./USB_DEVICE/Target/usbd_conf.o
                0x0800a110                USBD_LL_Init
 .text.USBD_LL_Start
                0x0800a208       0x64 ./USB_DEVICE/Target/usbd_conf.o
                0x0800a208                USBD_LL_Start
 .text.USBD_LL_OpenEP
                0x0800a26c       0x7c ./USB_DEVICE/Target/usbd_conf.o
                0x0800a26c                USBD_LL_OpenEP
 .text.USBD_LL_CloseEP
                0x0800a2e8       0x6c ./USB_DEVICE/Target/usbd_conf.o
                0x0800a2e8                USBD_LL_CloseEP
 .text.USBD_LL_StallEP
                0x0800a354       0x6c ./USB_DEVICE/Target/usbd_conf.o
                0x0800a354                USBD_LL_StallEP
 .text.USBD_LL_ClearStallEP
                0x0800a3c0       0x6c ./USB_DEVICE/Target/usbd_conf.o
                0x0800a3c0                USBD_LL_ClearStallEP
 .text.USBD_LL_IsStallEP
                0x0800a42c       0x56 ./USB_DEVICE/Target/usbd_conf.o
                0x0800a42c                USBD_LL_IsStallEP
 *fill*         0x0800a482        0x2 
 .text.USBD_LL_SetUSBAddress
                0x0800a484       0x6c ./USB_DEVICE/Target/usbd_conf.o
                0x0800a484                USBD_LL_SetUSBAddress
 .text.USBD_LL_Transmit
                0x0800a4f0       0x74 ./USB_DEVICE/Target/usbd_conf.o
                0x0800a4f0                USBD_LL_Transmit
 .text.USBD_LL_PrepareReceive
                0x0800a564       0x74 ./USB_DEVICE/Target/usbd_conf.o
                0x0800a564                USBD_LL_PrepareReceive
 .text.USBD_LL_GetRxDataSize
                0x0800a5d8       0x26 ./USB_DEVICE/Target/usbd_conf.o
                0x0800a5d8                USBD_LL_GetRxDataSize
 *fill*         0x0800a5fe        0x2 
 .text.USBD_static_malloc
                0x0800a600       0x18 ./USB_DEVICE/Target/usbd_conf.o
                0x0800a600                USBD_static_malloc
 .text.USBD_static_free
                0x0800a618       0x12 ./USB_DEVICE/Target/usbd_conf.o
                0x0800a618                USBD_static_free
 .text.HAL_PCDEx_SetConnectionState
                0x0800a62a       0x16 ./USB_DEVICE/Target/usbd_conf.o
                0x0800a62a                HAL_PCDEx_SetConnectionState
 .text.memset   0x0800a640       0x10 C:/ST/STM32CubeIDE_1.18.0/STM32CubeIDE/plugins/com.st.stm32cube.ide.mcu.externaltools.gnu-tools-for-stm32.13.3.rel1.win32_1.0.0.202411081344/tools/bin/../lib/gcc/arm-none-eabi/13.3.1/../../../../arm-none-eabi/lib/thumb/v7-m/nofp\libc_nano.a(libc_a-memset.o)
                0x0800a640                memset
 .text.__libc_init_array
                0x0800a650       0x48 C:/ST/STM32CubeIDE_1.18.0/STM32CubeIDE/plugins/com.st.stm32cube.ide.mcu.externaltools.gnu-tools-for-stm32.13.3.rel1.win32_1.0.0.202411081344/tools/bin/../lib/gcc/arm-none-eabi/13.3.1/../../../../arm-none-eabi/lib/thumb/v7-m/nofp\libc_nano.a(libc_a-init.o)
                0x0800a650                __libc_init_array
 .text.memcpy   0x0800a698       0x1c C:/ST/STM32CubeIDE_1.18.0/STM32CubeIDE/plugins/com.st.stm32cube.ide.mcu.externaltools.gnu-tools-for-stm32.13.3.rel1.win32_1.0.0.202411081344/tools/bin/../lib/gcc/arm-none-eabi/13.3.1/../../../../arm-none-eabi/lib/thumb/v7-m/nofp\libc_nano.a(libc_a-memcpy-stub.o)
                0x0800a698                memcpy
 *(.glue_7)
 .glue_7        0x0800a6b4        0x0 linker stubs
 *(.glue_7t)
 .glue_7t       0x0800a6b4        0x0 linker stubs
 *(.eh_frame)
 .eh_frame      0x0800a6b4        0x0 C:/ST/STM32CubeIDE_1.18.0/STM32CubeIDE/plugins/com.st.stm32cube.ide.mcu.externaltools.gnu-tools-for-stm32.13.3.rel1.win32_1.0.0.202411081344/tools/bin/../lib/gcc/arm-none-eabi/13.3.1/thumb/v7-m/nofp/crtbegin.o
 *(.init)
 .init          0x0800a6b4        0x4 C:/ST/STM32CubeIDE_1.18.0/STM32CubeIDE/plugins/com.st.stm32cube.ide.mcu.externaltools.gnu-tools-for-stm32.13.3.rel1.win32_1.0.0.202411081344/tools/bin/../lib/gcc/arm-none-eabi/13.3.1/thumb/v7-m/nofp/crti.o
                0x0800a6b4                _init
 .init          0x0800a6b8        0x8 C:/ST/STM32CubeIDE_1.18.0/STM32CubeIDE/plugins/com.st.stm32cube.ide.mcu.externaltools.gnu-tools-for-stm32.13.3.rel1.win32_1.0.0.202411081344/tools/bin/../lib/gcc/arm-none-eabi/13.3.1/thumb/v7-m/nofp/crtn.o
 *(.fini)
 .fini          0x0800a6c0        0x4 C:/ST/STM32CubeIDE_1.18.0/STM32CubeIDE/plugins/com.st.stm32cube.ide.mcu.externaltools.gnu-tools-for-stm32.13.3.rel1.win32_1.0.0.202411081344/tools/bin/../lib/gcc/arm-none-eabi/13.3.1/thumb/v7-m/nofp/crti.o
                0x0800a6c0                _fini
 .fini          0x0800a6c4        0x8 C:/ST/STM32CubeIDE_1.18.0/STM32CubeIDE/plugins/com.st.stm32cube.ide.mcu.externaltools.gnu-tools-for-stm32.13.3.rel1.win32_1.0.0.202411081344/tools/bin/../lib/gcc/arm-none-eabi/13.3.1/thumb/v7-m/nofp/crtn.o
                0x0800a6cc                        . = ALIGN (0x4)
                0x0800a6cc                        _etext = .

.vfp11_veneer   0x0800a6cc        0x0
 .vfp11_veneer  0x0800a6cc        0x0 linker stubs

.v4_bx          0x0800a6cc        0x0
 .v4_bx         0x0800a6cc        0x0 linker stubs

.iplt           0x0800a6cc        0x0
 .iplt          0x0800a6cc        0x0 C:/ST/STM32CubeIDE_1.18.0/STM32CubeIDE/plugins/com.st.stm32cube.ide.mcu.externaltools.gnu-tools-for-stm32.13.3.rel1.win32_1.0.0.202411081344/tools/bin/../lib/gcc/arm-none-eabi/13.3.1/thumb/v7-m/nofp/crtbegin.o

.rodata         0x0800a6cc      0x16c
                0x0800a6cc                        . = ALIGN (0x4)
 *(.rodata)
 .rodata        0x0800a6cc       0x17 ./Core/Src/SEGGER_RTT.o
 *fill*         0x0800a6e3        0x1 
 .rodata        0x0800a6e4       0x38 ./Core/Src/main.o
 .rodata        0x0800a71c       0x65 ./USB_DEVICE/App/usbd_cdc_if.o
 *fill*         0x0800a781        0x3 
 .rodata        0x0800a784       0x3e ./USB_DEVICE/App/usbd_desc.o
 *fill*         0x0800a7c2        0x2 
 .rodata        0x0800a7c4       0x21 ./USB_DEVICE/Target/usbd_conf.o
 *(.rodata*)
 *fill*         0x0800a7e5        0x3 
 .rodata._aV2C.0
                0x0800a7e8       0x10 ./Core/Src/SEGGER_RTT_printf.o
 .rodata.AHBPrescTable
                0x0800a7f8       0x10 ./Core/Src/system_stm32f1xx.o
                0x0800a7f8                AHBPrescTable
 .rodata.APBPrescTable
                0x0800a808        0x8 ./Core/Src/system_stm32f1xx.o
                0x0800a808                APBPrescTable
 .rodata.aPLLMULFactorTable.1
                0x0800a810       0x10 ./Drivers/STM32F1xx_HAL_Driver/Src/stm32f1xx_hal_rcc.o
 .rodata.aPredivFactorTable.0
                0x0800a820        0x2 ./Drivers/STM32F1xx_HAL_Driver/Src/stm32f1xx_hal_rcc.o
 *fill*         0x0800a822        0x2 
 .rodata.aPLLMULFactorTable.1
                0x0800a824       0x10 ./Drivers/STM32F1xx_HAL_Driver/Src/stm32f1xx_hal_rcc_ex.o
 .rodata.aPredivFactorTable.0
                0x0800a834        0x2 ./Drivers/STM32F1xx_HAL_Driver/Src/stm32f1xx_hal_rcc_ex.o
                0x0800a838                        . = ALIGN (0x4)
 *fill*         0x0800a836        0x2 

.ARM.extab      0x0800a838        0x0
                0x0800a838                        . = ALIGN (0x4)
 *(.ARM.extab* .gnu.linkonce.armextab.*)
                0x0800a838                        . = ALIGN (0x4)

.ARM            0x0800a838        0x0
                0x0800a838                        . = ALIGN (0x4)
                0x0800a838                        __exidx_start = .
 *(.ARM.exidx*)
                0x0800a838                        __exidx_end = .
                0x0800a838                        . = ALIGN (0x4)

.preinit_array  0x0800a838        0x0
                0x0800a838                        . = ALIGN (0x4)
                0x0800a838                        PROVIDE (__preinit_array_start = .)
 *(.preinit_array*)
                0x0800a838                        PROVIDE (__preinit_array_end = .)
                0x0800a838                        . = ALIGN (0x4)

.init_array     0x0800a838        0x4
                0x0800a838                        . = ALIGN (0x4)
                0x0800a838                        PROVIDE (__init_array_start = .)
 *(SORT_BY_NAME(.init_array.*))
 *(.init_array*)
 .init_array    0x0800a838        0x4 C:/ST/STM32CubeIDE_1.18.0/STM32CubeIDE/plugins/com.st.stm32cube.ide.mcu.externaltools.gnu-tools-for-stm32.13.3.rel1.win32_1.0.0.202411081344/tools/bin/../lib/gcc/arm-none-eabi/13.3.1/thumb/v7-m/nofp/crtbegin.o
                0x0800a83c                        PROVIDE (__init_array_end = .)
                0x0800a83c                        . = ALIGN (0x4)

.fini_array     0x0800a83c        0x4
                0x0800a83c                        . = ALIGN (0x4)
                [!provide]                        PROVIDE (__fini_array_start = .)
 *(SORT_BY_NAME(.fini_array.*))
 *(.fini_array*)
 .fini_array    0x0800a83c        0x4 C:/ST/STM32CubeIDE_1.18.0/STM32CubeIDE/plugins/com.st.stm32cube.ide.mcu.externaltools.gnu-tools-for-stm32.13.3.rel1.win32_1.0.0.202411081344/tools/bin/../lib/gcc/arm-none-eabi/13.3.1/thumb/v7-m/nofp/crtbegin.o
                [!provide]                        PROVIDE (__fini_array_end = .)
                0x0800a840                        . = ALIGN (0x4)
                0x0800a840                        _sidata = LOADADDR (.data)

.rel.dyn        0x0800a840        0x0
 .rel.iplt      0x0800a840        0x0 C:/ST/STM32CubeIDE_1.18.0/STM32CubeIDE/plugins/com.st.stm32cube.ide.mcu.externaltools.gnu-tools-for-stm32.13.3.rel1.win32_1.0.0.202411081344/tools/bin/../lib/gcc/arm-none-eabi/13.3.1/thumb/v7-m/nofp/crtbegin.o

.data           0x20000000      0x244 load address 0x0800a840
                0x20000000                        . = ALIGN (0x4)
                0x20000000                        _sdata = .
 *(.data)
 *(.data*)
 .data.SystemCoreClock
                0x20000000        0x4 ./Core/Src/system_stm32f1xx.o
                0x20000000                SystemCoreClock
 .data.uwTickPrio
                0x20000004        0x4 ./Drivers/STM32F1xx_HAL_Driver/Src/stm32f1xx_hal.o
                0x20000004                uwTickPrio
 .data.uwTickFreq
                0x20000008        0x1 ./Drivers/STM32F1xx_HAL_Driver/Src/stm32f1xx_hal.o
                0x20000008                uwTickFreq
 *fill*         0x20000009        0x3 
 .data.USBD_CDC_DeviceQualifierDesc
                0x2000000c        0xa ./Middlewares/ST/STM32_USB_Device_Library/Class/CDC/Src/usbd_cdc.o
 *fill*         0x20000016        0x2 
 .data.USBD_CDC
                0x20000018       0x38 ./Middlewares/ST/STM32_USB_Device_Library/Class/CDC/Src/usbd_cdc.o
                0x20000018                USBD_CDC
 .data.USBD_CDC_CfgHSDesc
                0x20000050       0x8d ./Middlewares/ST/STM32_USB_Device_Library/Class/CDC/Src/usbd_cdc.o
                0x20000050                USBD_CDC_CfgHSDesc
 *fill*         0x200000dd        0x3 
 .data.USBD_CDC_CfgFSDesc
                0x200000e0       0x8d ./Middlewares/ST/STM32_USB_Device_Library/Class/CDC/Src/usbd_cdc.o
                0x200000e0                USBD_CDC_CfgFSDesc
 *fill*         0x2000016d        0x3 
 .data.USBD_CDC_OtherSpeedCfgDesc
                0x20000170       0x8d ./Middlewares/ST/STM32_USB_Device_Library/Class/CDC/Src/usbd_cdc.o
                0x20000170                USBD_CDC_OtherSpeedCfgDesc
 *fill*         0x200001fd        0x3 
 .data.USBD_Interface_fops_FS
                0x20000200       0x10 ./USB_DEVICE/App/usbd_cdc_if.o
                0x20000200                USBD_Interface_fops_FS
 .data.FS_Desc  0x20000210       0x1c ./USB_DEVICE/App/usbd_desc.o
                0x20000210                FS_Desc
 .data.USBD_FS_DeviceDesc
                0x2000022c       0x12 ./USB_DEVICE/App/usbd_desc.o
                0x2000022c                USBD_FS_DeviceDesc
 *fill*         0x2000023e        0x2 
 .data.USBD_LangIDDesc
                0x20000240        0x4 ./USB_DEVICE/App/usbd_desc.o
                0x20000240                USBD_LangIDDesc
 *(.RamFunc)
 *(.RamFunc*)
                0x20000244                        . = ALIGN (0x4)
                0x20000244                        _edata = .

.igot.plt       0x20000244        0x0 load address 0x0800aa84
 .igot.plt      0x20000244        0x0 C:/ST/STM32CubeIDE_1.18.0/STM32CubeIDE/plugins/com.st.stm32cube.ide.mcu.externaltools.gnu-tools-for-stm32.13.3.rel1.win32_1.0.0.202411081344/tools/bin/../lib/gcc/arm-none-eabi/13.3.1/thumb/v7-m/nofp/crtbegin.o
                0x20000244                        . = ALIGN (0x4)

.bss            0x20000244     0x3244 load address 0x0800aa84
                0x20000244                        _sbss = .
                0x20000244                        __bss_start__ = _sbss
 *(.bss)
 .bss           0x20000244       0x1c C:/ST/STM32CubeIDE_1.18.0/STM32CubeIDE/plugins/com.st.stm32cube.ide.mcu.externaltools.gnu-tools-for-stm32.13.3.rel1.win32_1.0.0.202411081344/tools/bin/../lib/gcc/arm-none-eabi/13.3.1/thumb/v7-m/nofp/crtbegin.o
 *(.bss*)
 .bss._SEGGER_RTT
                0x20000260       0xa8 ./Core/Src/SEGGER_RTT.o
                0x20000260                _SEGGER_RTT
 .bss._acUpBuffer
                0x20000308      0x200 ./Core/Src/SEGGER_RTT.o
 .bss._acDownBuffer
                0x20000508       0x10 ./Core/Src/SEGGER_RTT.o
 .bss.hdma_memtomem_dma1_channel1
                0x20000518       0x44 ./Core/Src/dma.o
                0x20000518                hdma_memtomem_dma1_channel1
 .bss.ctx       0x2000055c     0x2054 ./Core/Src/main.o
                0x2000055c                ctx
 .bss.hrtc      0x200025b0       0x14 ./Core/Src/rtc.o
                0x200025b0                hrtc
 .bss.huart1    0x200025c4       0x48 ./Core/Src/usart.o
                0x200025c4                huart1
 .bss.huart2    0x2000260c       0x48 ./Core/Src/usart.o
                0x2000260c                huart2
 .bss.hdma_usart1_rx
                0x20002654       0x44 ./Core/Src/usart.o
                0x20002654                hdma_usart1_rx
 .bss.hdma_usart1_tx
                0x20002698       0x44 ./Core/Src/usart.o
                0x20002698                hdma_usart1_tx
 .bss.hdma_usart2_rx
                0x200026dc       0x44 ./Core/Src/usart.o
                0x200026dc                hdma_usart2_rx
 .bss.hdma_usart2_tx
                0x20002720       0x44 ./Core/Src/usart.o
                0x20002720                hdma_usart2_tx
 .bss.uwTick    0x20002764        0x4 ./Drivers/STM32F1xx_HAL_Driver/Src/stm32f1xx_hal.o
                0x20002764                uwTick
 .bss.ifalt.0   0x20002768        0x1 ./Middlewares/ST/STM32_USB_Device_Library/Class/CDC/Src/usbd_cdc.o
 .bss.cfgidx.0  0x20002769        0x1 ./Middlewares/ST/STM32_USB_Device_Library/Core/Src/usbd_ctlreq.o
 *fill*         0x2000276a        0x2 
 .bss.hUsbDeviceFS
                0x2000276c      0x224 ./USB_DEVICE/App/usb_device.o
                0x2000276c                hUsbDeviceFS
 .bss.UserRxBufferFS
                0x20002990      0x200 ./USB_DEVICE/App/usbd_cdc_if.o
                0x20002990                UserRxBufferFS
 .bss.UserTxBufferFS
                0x20002b90      0x200 ./USB_DEVICE/App/usbd_cdc_if.o
                0x20002b90                UserTxBufferFS
 .bss.USBD_StrDesc
                0x20002d90      0x200 ./USB_DEVICE/App/usbd_desc.o
                0x20002d90                USBD_StrDesc
 .bss.hpcd_USB_FS
                0x20002f90      0x2d8 ./USB_DEVICE/Target/usbd_conf.o
                0x20002f90                hpcd_USB_FS
 .bss.mem.0     0x20003268      0x220 ./USB_DEVICE/Target/usbd_conf.o
 *(COMMON)
                0x20003488                        . = ALIGN (0x4)
                0x20003488                        _ebss = .
                0x20003488                        __bss_end__ = _ebss

._user_heap_stack
                0x20003488     0x1000 load address 0x0800aa84
                0x20003488                        . = ALIGN (0x8)
                [!provide]                        PROVIDE (end = .)
                0x20003488                        PROVIDE (_end = .)
                0x20003c88                        . = (. + _Min_Heap_Size)
 *fill*         0x20003488      0x800 
                0x20004488                        . = (. + _Min_Stack_Size)
 *fill*         0x20003c88      0x800 
                0x20004488                        . = ALIGN (0x8)

/DISCARD/
 libc.a(*)
 libm.a(*)
 libgcc.a(*)

.ARM.attributes
                0x00000000       0x29
 *(.ARM.attributes)
 .ARM.attributes
                0x00000000       0x1d C:/ST/STM32CubeIDE_1.18.0/STM32CubeIDE/plugins/com.st.stm32cube.ide.mcu.externaltools.gnu-tools-for-stm32.13.3.rel1.win32_1.0.0.202411081344/tools/bin/../lib/gcc/arm-none-eabi/13.3.1/thumb/v7-m/nofp/crti.o
 .ARM.attributes
                0x0000001d       0x2d C:/ST/STM32CubeIDE_1.18.0/STM32CubeIDE/plugins/com.st.stm32cube.ide.mcu.externaltools.gnu-tools-for-stm32.13.3.rel1.win32_1.0.0.202411081344/tools/bin/../lib/gcc/arm-none-eabi/13.3.1/thumb/v7-m/nofp/crtbegin.o
 .ARM.attributes
                0x0000004a       0x2d ./Core/Src/SEGGER_RTT.o
 .ARM.attributes
                0x00000077       0x2d ./Core/Src/SEGGER_RTT_printf.o
 .ARM.attributes
                0x000000a4       0x2d ./Core/Src/dma.o
 .ARM.attributes
                0x000000d1       0x2d ./Core/Src/gpio.o
 .ARM.attributes
                0x000000fe       0x2d ./Core/Src/main.o
 .ARM.attributes
                0x0000012b       0x2d ./Core/Src/rtc.o
 .ARM.attributes
                0x00000158       0x2d ./Core/Src/stm32f1xx_hal_msp.o
 .ARM.attributes
                0x00000185       0x2d ./Core/Src/stm32f1xx_it.o
 .ARM.attributes
                0x000001b2       0x2d ./Core/Src/system_stm32f1xx.o
 .ARM.attributes
                0x000001df       0x2d ./Core/Src/usart.o
 .ARM.attributes
                0x0000020c       0x21 ./Core/Startup/startup_stm32f103c8tx.o
 .ARM.attributes
                0x0000022d       0x2d ./Drivers/STM32F1xx_HAL_Driver/Src/stm32f1xx_hal.o
 .ARM.attributes
                0x0000025a       0x2d ./Drivers/STM32F1xx_HAL_Driver/Src/stm32f1xx_hal_cortex.o
 .ARM.attributes
                0x00000287       0x2d ./Drivers/STM32F1xx_HAL_Driver/Src/stm32f1xx_hal_dma.o
 .ARM.attributes
                0x000002b4       0x2d ./Drivers/STM32F1xx_HAL_Driver/Src/stm32f1xx_hal_gpio.o
 .ARM.attributes
                0x000002e1       0x2d ./Drivers/STM32F1xx_HAL_Driver/Src/stm32f1xx_hal_pcd.o
 .ARM.attributes
                0x0000030e       0x2d ./Drivers/STM32F1xx_HAL_Driver/Src/stm32f1xx_hal_pcd_ex.o
 .ARM.attributes
                0x0000033b       0x2d ./Drivers/STM32F1xx_HAL_Driver/Src/stm32f1xx_hal_pwr.o
 .ARM.attributes
                0x00000368       0x2d ./Drivers/STM32F1xx_HAL_Driver/Src/stm32f1xx_hal_rcc.o
 .ARM.attributes
                0x00000395       0x2d ./Drivers/STM32F1xx_HAL_Driver/Src/stm32f1xx_hal_rcc_ex.o
 .ARM.attributes
                0x000003c2       0x2d ./Drivers/STM32F1xx_HAL_Driver/Src/stm32f1xx_hal_rtc.o
 .ARM.attributes
                0x000003ef       0x2d ./Drivers/STM32F1xx_HAL_Driver/Src/stm32f1xx_hal_uart.o
 .ARM.attributes
                0x0000041c       0x2d ./Drivers/STM32F1xx_HAL_Driver/Src/stm32f1xx_ll_usb.o
 .ARM.attributes
                0x00000449       0x2d ./Middlewares/ST/STM32_USB_Device_Library/Class/CDC/Src/usbd_cdc.o
 .ARM.attributes
                0x00000476       0x2d ./Middlewares/ST/STM32_USB_Device_Library/Core/Src/usbd_core.o
 .ARM.attributes
                0x000004a3       0x2d ./Middlewares/ST/STM32_USB_Device_Library/Core/Src/usbd_ctlreq.o
 .ARM.attributes
                0x000004d0       0x2d ./Middlewares/ST/STM32_USB_Device_Library/Core/Src/usbd_ioreq.o
 .ARM.attributes
                0x000004fd       0x2d ./USB_DEVICE/App/usb_device.o
 .ARM.attributes
                0x0000052a       0x2d ./USB_DEVICE/App/usbd_cdc_if.o
 .ARM.attributes
                0x00000557       0x2d ./USB_DEVICE/App/usbd_desc.o
 .ARM.attributes
                0x00000584       0x2d ./USB_DEVICE/Target/usbd_conf.o
 .ARM.attributes
                0x000005b1       0x2d C:/ST/STM32CubeIDE_1.18.0/STM32CubeIDE/plugins/com.st.stm32cube.ide.mcu.externaltools.gnu-tools-for-stm32.13.3.rel1.win32_1.0.0.202411081344/tools/bin/../lib/gcc/arm-none-eabi/13.3.1/../../../../arm-none-eabi/lib/thumb/v7-m/nofp\libc_nano.a(libc_a-memset.o)
 .ARM.attributes
                0x000005de       0x2d C:/ST/STM32CubeIDE_1.18.0/STM32CubeIDE/plugins/com.st.stm32cube.ide.mcu.externaltools.gnu-tools-for-stm32.13.3.rel1.win32_1.0.0.202411081344/tools/bin/../lib/gcc/arm-none-eabi/13.3.1/../../../../arm-none-eabi/lib/thumb/v7-m/nofp\libc_nano.a(libc_a-init.o)
 .ARM.attributes
                0x0000060b       0x2d C:/ST/STM32CubeIDE_1.18.0/STM32CubeIDE/plugins/com.st.stm32cube.ide.mcu.externaltools.gnu-tools-for-stm32.13.3.rel1.win32_1.0.0.202411081344/tools/bin/../lib/gcc/arm-none-eabi/13.3.1/../../../../arm-none-eabi/lib/thumb/v7-m/nofp\libc_nano.a(libc_a-memcpy-stub.o)
 .ARM.attributes
                0x00000638       0x1d C:/ST/STM32CubeIDE_1.18.0/STM32CubeIDE/plugins/com.st.stm32cube.ide.mcu.externaltools.gnu-tools-for-stm32.13.3.rel1.win32_1.0.0.202411081344/tools/bin/../lib/gcc/arm-none-eabi/13.3.1/thumb/v7-m/nofp/crtn.o
OUTPUT(stm32f103_dual_vcp.elf elf32-littlearm)
LOAD linker stubs
LOAD C:/ST/STM32CubeIDE_1.18.0/STM32CubeIDE/plugins/com.st.stm32cube.ide.mcu.externaltools.gnu-tools-for-stm32.13.3.rel1.win32_1.0.0.202411081344/tools/bin/../lib/gcc/arm-none-eabi/13.3.1/../../../../arm-none-eabi/lib/thumb/v7-m/nofp\libc.a
LOAD C:/ST/STM32CubeIDE_1.18.0/STM32CubeIDE/plugins/com.st.stm32cube.ide.mcu.externaltools.gnu-tools-for-stm32.13.3.rel1.win32_1.0.0.202411081344/tools/bin/../lib/gcc/arm-none-eabi/13.3.1/../../../../arm-none-eabi/lib/thumb/v7-m/nofp\libm.a
LOAD C:/ST/STM32CubeIDE_1.18.0/STM32CubeIDE/plugins/com.st.stm32cube.ide.mcu.externaltools.gnu-tools-for-stm32.13.3.rel1.win32_1.0.0.202411081344/tools/bin/../lib/gcc/arm-none-eabi/13.3.1/thumb/v7-m/nofp\libgcc.a

.debug_info     0x00000000    0x145b8
 .debug_info    0x00000000      0xeae ./Core/Src/SEGGER_RTT.o
 .debug_info    0x00000eae      0x413 ./Core/Src/SEGGER_RTT_printf.o
 .debug_info    0x000012c1      0x53f ./Core/Src/dma.o
 .debug_info    0x00001800      0x18b ./Core/Src/gpio.o
 .debug_info    0x0000198b      0xc54 ./Core/Src/main.o
 .debug_info    0x000025df      0x3f1 ./Core/Src/rtc.o
 .debug_info    0x000029d0      0x377 ./Core/Src/stm32f1xx_hal_msp.o
 .debug_info    0x00002d47      0xf2c ./Core/Src/stm32f1xx_it.o
 .debug_info    0x00003c73      0x222 ./Core/Src/system_stm32f1xx.o
 .debug_info    0x00003e95      0xc28 ./Core/Src/usart.o
 .debug_info    0x00004abd       0x30 ./Core/Startup/startup_stm32f103c8tx.o
 .debug_info    0x00004aed      0x704 ./Drivers/STM32F1xx_HAL_Driver/Src/stm32f1xx_hal.o
 .debug_info    0x000051f1      0xa87 ./Drivers/STM32F1xx_HAL_Driver/Src/stm32f1xx_hal_cortex.o
 .debug_info    0x00005c78      0x6d2 ./Drivers/STM32F1xx_HAL_Driver/Src/stm32f1xx_hal_dma.o
 .debug_info    0x0000634a      0x5ab ./Drivers/STM32F1xx_HAL_Driver/Src/stm32f1xx_hal_gpio.o
 .debug_info    0x000068f5     0x16dc ./Drivers/STM32F1xx_HAL_Driver/Src/stm32f1xx_hal_pcd.o
 .debug_info    0x00007fd1      0x6c3 ./Drivers/STM32F1xx_HAL_Driver/Src/stm32f1xx_hal_pcd_ex.o
 .debug_info    0x00008694      0x628 ./Drivers/STM32F1xx_HAL_Driver/Src/stm32f1xx_hal_pwr.o
 .debug_info    0x00008cbc      0x7d5 ./Drivers/STM32F1xx_HAL_Driver/Src/stm32f1xx_hal_rcc.o
 .debug_info    0x00009491      0x3c0 ./Drivers/STM32F1xx_HAL_Driver/Src/stm32f1xx_hal_rcc_ex.o
 .debug_info    0x00009851      0xc73 ./Drivers/STM32F1xx_HAL_Driver/Src/stm32f1xx_hal_rtc.o
 .debug_info    0x0000a4c4     0x2eed ./Drivers/STM32F1xx_HAL_Driver/Src/stm32f1xx_hal_uart.o
 .debug_info    0x0000d3b1     0x17ae ./Drivers/STM32F1xx_HAL_Driver/Src/stm32f1xx_ll_usb.o
 .debug_info    0x0000eb5f      0xbae ./Middlewares/ST/STM32_USB_Device_Library/Class/CDC/Src/usbd_cdc.o
 .debug_info    0x0000f70d      0xa51 ./Middlewares/ST/STM32_USB_Device_Library/Core/Src/usbd_core.o
 .debug_info    0x0001015e      0x90c ./Middlewares/ST/STM32_USB_Device_Library/Core/Src/usbd_ctlreq.o
 .debug_info    0x00010a6a      0x69f ./Middlewares/ST/STM32_USB_Device_Library/Core/Src/usbd_ioreq.o
 .debug_info    0x00011109      0x645 ./USB_DEVICE/App/usb_device.o
 .debug_info    0x0001174e     0x12b1 ./USB_DEVICE/App/usbd_cdc_if.o
 .debug_info    0x000129ff      0x37b ./USB_DEVICE/App/usbd_desc.o
 .debug_info    0x00012d7a     0x183e ./USB_DEVICE/Target/usbd_conf.o

.debug_abbrev   0x00000000     0x3e82
 .debug_abbrev  0x00000000      0x22d ./Core/Src/SEGGER_RTT.o
 .debug_abbrev  0x0000022d      0x1bc ./Core/Src/SEGGER_RTT_printf.o
 .debug_abbrev  0x000003e9      0x19a ./Core/Src/dma.o
 .debug_abbrev  0x00000583       0xc6 ./Core/Src/gpio.o
 .debug_abbrev  0x00000649      0x2ba ./Core/Src/main.o
 .debug_abbrev  0x00000903      0x1b8 ./Core/Src/rtc.o
 .debug_abbrev  0x00000abb      0x11e ./Core/Src/stm32f1xx_hal_msp.o
 .debug_abbrev  0x00000bd9      0x270 ./Core/Src/stm32f1xx_it.o
 .debug_abbrev  0x00000e49      0x13f ./Core/Src/system_stm32f1xx.o
 .debug_abbrev  0x00000f88      0x2e4 ./Core/Src/usart.o
 .debug_abbrev  0x0000126c       0x24 ./Core/Startup/startup_stm32f103c8tx.o
 .debug_abbrev  0x00001290      0x201 ./Drivers/STM32F1xx_HAL_Driver/Src/stm32f1xx_hal.o
 .debug_abbrev  0x00001491      0x2f8 ./Drivers/STM32F1xx_HAL_Driver/Src/stm32f1xx_hal_cortex.o
 .debug_abbrev  0x00001789      0x20b ./Drivers/STM32F1xx_HAL_Driver/Src/stm32f1xx_hal_dma.o
 .debug_abbrev  0x00001994      0x1ca ./Drivers/STM32F1xx_HAL_Driver/Src/stm32f1xx_hal_gpio.o
 .debug_abbrev  0x00001b5e      0x2d6 ./Drivers/STM32F1xx_HAL_Driver/Src/stm32f1xx_hal_pcd.o
 .debug_abbrev  0x00001e34      0x189 ./Drivers/STM32F1xx_HAL_Driver/Src/stm32f1xx_hal_pcd_ex.o
 .debug_abbrev  0x00001fbd      0x1f6 ./Drivers/STM32F1xx_HAL_Driver/Src/stm32f1xx_hal_pwr.o
 .debug_abbrev  0x000021b3      0x2b3 ./Drivers/STM32F1xx_HAL_Driver/Src/stm32f1xx_hal_rcc.o
 .debug_abbrev  0x00002466      0x188 ./Drivers/STM32F1xx_HAL_Driver/Src/stm32f1xx_hal_rcc_ex.o
 .debug_abbrev  0x000025ee      0x23a ./Drivers/STM32F1xx_HAL_Driver/Src/stm32f1xx_hal_rtc.o
 .debug_abbrev  0x00002828      0x2f8 ./Drivers/STM32F1xx_HAL_Driver/Src/stm32f1xx_hal_uart.o
 .debug_abbrev  0x00002b20      0x1de ./Drivers/STM32F1xx_HAL_Driver/Src/stm32f1xx_ll_usb.o
 .debug_abbrev  0x00002cfe      0x27c ./Middlewares/ST/STM32_USB_Device_Library/Class/CDC/Src/usbd_cdc.o
 .debug_abbrev  0x00002f7a      0x226 ./Middlewares/ST/STM32_USB_Device_Library/Core/Src/usbd_core.o
 .debug_abbrev  0x000031a0      0x247 ./Middlewares/ST/STM32_USB_Device_Library/Core/Src/usbd_ctlreq.o
 .debug_abbrev  0x000033e7      0x16e ./Middlewares/ST/STM32_USB_Device_Library/Core/Src/usbd_ioreq.o
 .debug_abbrev  0x00003555      0x152 ./USB_DEVICE/App/usb_device.o
 .debug_abbrev  0x000036a7      0x377 ./USB_DEVICE/App/usbd_cdc_if.o
 .debug_abbrev  0x00003a1e      0x17b ./USB_DEVICE/App/usbd_desc.o
 .debug_abbrev  0x00003b99      0x2e9 ./USB_DEVICE/Target/usbd_conf.o

.debug_aranges  0x00000000     0x10d8
 .debug_aranges
                0x00000000      0x108 ./Core/Src/SEGGER_RTT.o
 .debug_aranges
                0x00000108       0x40 ./Core/Src/SEGGER_RTT_printf.o
 .debug_aranges
                0x00000148       0x20 ./Core/Src/dma.o
 .debug_aranges
                0x00000168       0x20 ./Core/Src/gpio.o
 .debug_aranges
                0x00000188       0x48 ./Core/Src/main.o
 .debug_aranges
                0x000001d0       0x30 ./Core/Src/rtc.o
 .debug_aranges
                0x00000200       0x20 ./Core/Src/stm32f1xx_hal_msp.o
 .debug_aranges
                0x00000220       0xa0 ./Core/Src/stm32f1xx_it.o
 .debug_aranges
                0x000002c0       0x28 ./Core/Src/system_stm32f1xx.o
 .debug_aranges
                0x000002e8       0x50 ./Core/Src/usart.o
 .debug_aranges
                0x00000338       0x28 ./Core/Startup/startup_stm32f103c8tx.o
 .debug_aranges
                0x00000360       0xe0 ./Drivers/STM32F1xx_HAL_Driver/Src/stm32f1xx_hal.o
 .debug_aranges
                0x00000440      0x100 ./Drivers/STM32F1xx_HAL_Driver/Src/stm32f1xx_hal_cortex.o
 .debug_aranges
                0x00000540       0x80 ./Drivers/STM32F1xx_HAL_Driver/Src/stm32f1xx_hal_dma.o
 .debug_aranges
                0x000005c0       0x58 ./Drivers/STM32F1xx_HAL_Driver/Src/stm32f1xx_hal_gpio.o
 .debug_aranges
                0x00000618      0x140 ./Drivers/STM32F1xx_HAL_Driver/Src/stm32f1xx_hal_pcd.o
 .debug_aranges
                0x00000758       0x38 ./Drivers/STM32F1xx_HAL_Driver/Src/stm32f1xx_hal_pcd_ex.o
 .debug_aranges
                0x00000790       0xa8 ./Drivers/STM32F1xx_HAL_Driver/Src/stm32f1xx_hal_pwr.o
 .debug_aranges
                0x00000838       0x90 ./Drivers/STM32F1xx_HAL_Driver/Src/stm32f1xx_hal_rcc.o
 .debug_aranges
                0x000008c8       0x30 ./Drivers/STM32F1xx_HAL_Driver/Src/stm32f1xx_hal_rcc_ex.o
 .debug_aranges
                0x000008f8       0xf8 ./Drivers/STM32F1xx_HAL_Driver/Src/stm32f1xx_hal_rtc.o
 .debug_aranges
                0x000009f0      0x208 ./Drivers/STM32F1xx_HAL_Driver/Src/stm32f1xx_hal_uart.o
 .debug_aranges
                0x00000bf8       0xf8 ./Drivers/STM32F1xx_HAL_Driver/Src/stm32f1xx_ll_usb.o
 .debug_aranges
                0x00000cf0       0x90 ./Middlewares/ST/STM32_USB_Device_Library/Class/CDC/Src/usbd_cdc.o
 .debug_aranges
                0x00000d80       0xb8 ./Middlewares/ST/STM32_USB_Device_Library/Core/Src/usbd_core.o
 .debug_aranges
                0x00000e38       0x88 ./Middlewares/ST/STM32_USB_Device_Library/Core/Src/usbd_ctlreq.o
 .debug_aranges
                0x00000ec0       0x50 ./Middlewares/ST/STM32_USB_Device_Library/Core/Src/usbd_ioreq.o
 .debug_aranges
                0x00000f10       0x20 ./USB_DEVICE/App/usb_device.o
 .debug_aranges
                0x00000f30       0x48 ./USB_DEVICE/App/usbd_cdc_if.o
 .debug_aranges
                0x00000f78       0x50 ./USB_DEVICE/App/usbd_desc.o
 .debug_aranges
                0x00000fc8      0x110 ./USB_DEVICE/Target/usbd_conf.o

.debug_rnglists
                0x00000000      0xca7
 .debug_rnglists
                0x00000000       0xd0 ./Core/Src/SEGGER_RTT.o
 .debug_rnglists
                0x000000d0       0x3a ./Core/Src/SEGGER_RTT_printf.o
 .debug_rnglists
                0x0000010a       0x14 ./Core/Src/dma.o
 .debug_rnglists
                0x0000011e       0x13 ./Core/Src/gpio.o
 .debug_rnglists
                0x00000131       0x33 ./Core/Src/main.o
 .debug_rnglists
                0x00000164       0x1f ./Core/Src/rtc.o
 .debug_rnglists
                0x00000183       0x13 ./Core/Src/stm32f1xx_hal_msp.o
 .debug_rnglists
                0x00000196       0x75 ./Core/Src/stm32f1xx_it.o
 .debug_rnglists
                0x0000020b       0x1a ./Core/Src/system_stm32f1xx.o
 .debug_rnglists
                0x00000225       0x39 ./Core/Src/usart.o
 .debug_rnglists
                0x0000025e       0x19 ./Core/Startup/startup_stm32f103c8tx.o
 .debug_rnglists
                0x00000277       0xa3 ./Drivers/STM32F1xx_HAL_Driver/Src/stm32f1xx_hal.o
 .debug_rnglists
                0x0000031a       0xbb ./Drivers/STM32F1xx_HAL_Driver/Src/stm32f1xx_hal_cortex.o
 .debug_rnglists
                0x000003d5       0x64 ./Drivers/STM32F1xx_HAL_Driver/Src/stm32f1xx_hal_dma.o
 .debug_rnglists
                0x00000439       0x3f ./Drivers/STM32F1xx_HAL_Driver/Src/stm32f1xx_hal_gpio.o
 .debug_rnglists
                0x00000478       0xf4 ./Drivers/STM32F1xx_HAL_Driver/Src/stm32f1xx_hal_pcd.o
 .debug_rnglists
                0x0000056c       0x26 ./Drivers/STM32F1xx_HAL_Driver/Src/stm32f1xx_hal_pcd_ex.o
 .debug_rnglists
                0x00000592       0x7a ./Drivers/STM32F1xx_HAL_Driver/Src/stm32f1xx_hal_pwr.o
 .debug_rnglists
                0x0000060c       0x6c ./Drivers/STM32F1xx_HAL_Driver/Src/stm32f1xx_hal_rcc.o
 .debug_rnglists
                0x00000678       0x21 ./Drivers/STM32F1xx_HAL_Driver/Src/stm32f1xx_hal_rcc_ex.o
 .debug_rnglists
                0x00000699       0xc1 ./Drivers/STM32F1xx_HAL_Driver/Src/stm32f1xx_hal_rtc.o
 .debug_rnglists
                0x0000075a      0x1bc ./Drivers/STM32F1xx_HAL_Driver/Src/stm32f1xx_hal_uart.o
 .debug_rnglists
                0x00000916       0xbd ./Drivers/STM32F1xx_HAL_Driver/Src/stm32f1xx_ll_usb.o
 .debug_rnglists
                0x000009d3       0x69 ./Middlewares/ST/STM32_USB_Device_Library/Class/CDC/Src/usbd_cdc.o
 .debug_rnglists
                0x00000a3c       0x88 ./Middlewares/ST/STM32_USB_Device_Library/Core/Src/usbd_core.o
 .debug_rnglists
                0x00000ac4       0x66 ./Middlewares/ST/STM32_USB_Device_Library/Core/Src/usbd_ctlreq.o
 .debug_rnglists
                0x00000b2a       0x37 ./Middlewares/ST/STM32_USB_Device_Library/Core/Src/usbd_ioreq.o
 .debug_rnglists
                0x00000b61       0x13 ./USB_DEVICE/App/usb_device.o
 .debug_rnglists
                0x00000b74       0x34 ./USB_DEVICE/App/usbd_cdc_if.o
 .debug_rnglists
                0x00000ba8       0x37 ./USB_DEVICE/App/usbd_desc.o
 .debug_rnglists
                0x00000bdf       0xc8 ./USB_DEVICE/Target/usbd_conf.o

.debug_macro    0x00000000    0x1af98
 .debug_macro   0x00000000      0x176 ./Core/Src/SEGGER_RTT.o
 .debug_macro   0x00000176      0xacc ./Core/Src/SEGGER_RTT.o
 .debug_macro   0x00000c42       0x4f ./Core/Src/SEGGER_RTT.o
 .debug_macro   0x00000c91      0x115 ./Core/Src/SEGGER_RTT.o
 .debug_macro   0x00000da6       0x22 ./Core/Src/SEGGER_RTT.o
 .debug_macro   0x00000dc8       0x5b ./Core/Src/SEGGER_RTT.o
 .debug_macro   0x00000e23       0x24 ./Core/Src/SEGGER_RTT.o
 .debug_macro   0x00000e47       0x94 ./Core/Src/SEGGER_RTT.o
 .debug_macro   0x00000edb       0x43 ./Core/Src/SEGGER_RTT.o
 .debug_macro   0x00000f1e       0x34 ./Core/Src/SEGGER_RTT.o
 .debug_macro   0x00000f52      0x190 ./Core/Src/SEGGER_RTT.o
 .debug_macro   0x000010e2       0x57 ./Core/Src/SEGGER_RTT.o
 .debug_macro   0x00001139      0x370 ./Core/Src/SEGGER_RTT.o
 .debug_macro   0x000014a9       0x16 ./Core/Src/SEGGER_RTT.o
 .debug_macro   0x000014bf       0x4a ./Core/Src/SEGGER_RTT.o
 .debug_macro   0x00001509       0x34 ./Core/Src/SEGGER_RTT.o
 .debug_macro   0x0000153d       0x10 ./Core/Src/SEGGER_RTT.o
 .debug_macro   0x0000154d       0x58 ./Core/Src/SEGGER_RTT.o
 .debug_macro   0x000015a5       0x8e ./Core/Src/SEGGER_RTT.o
 .debug_macro   0x00001633       0x1c ./Core/Src/SEGGER_RTT.o
 .debug_macro   0x0000164f      0x185 ./Core/Src/SEGGER_RTT.o
 .debug_macro   0x000017d4       0x10 ./Core/Src/SEGGER_RTT.o
 .debug_macro   0x000017e4       0x3c ./Core/Src/SEGGER_RTT.o
 .debug_macro   0x00001820       0x20 ./Core/Src/SEGGER_RTT.o
 .debug_macro   0x00001840      0x140 ./Core/Src/SEGGER_RTT_printf.o
 .debug_macro   0x00001980       0x16 ./Core/Src/SEGGER_RTT_printf.o
 .debug_macro   0x00001996      0x11c ./Core/Src/SEGGER_RTT_printf.o
 .debug_macro   0x00001ab2       0x9b ./Core/Src/SEGGER_RTT_printf.o
 .debug_macro   0x00001b4d       0x16 ./Core/Src/SEGGER_RTT_printf.o
 .debug_macro   0x00001b63       0x29 ./Core/Src/SEGGER_RTT_printf.o
 .debug_macro   0x00001b8c       0x58 ./Core/Src/SEGGER_RTT_printf.o
 .debug_macro   0x00001be4      0x1df ./Core/Src/dma.o
 .debug_macro   0x00001dc3      0x227 ./Core/Src/dma.o
 .debug_macro   0x00001fea       0x2e ./Core/Src/dma.o
 .debug_macro   0x00002018       0x22 ./Core/Src/dma.o
 .debug_macro   0x0000203a       0x8e ./Core/Src/dma.o
 .debug_macro   0x000020c8       0x51 ./Core/Src/dma.o
 .debug_macro   0x00002119      0x103 ./Core/Src/dma.o
 .debug_macro   0x0000221c       0x6a ./Core/Src/dma.o
 .debug_macro   0x00002286      0x1df ./Core/Src/dma.o
 .debug_macro   0x00002465       0x1c ./Core/Src/dma.o
 .debug_macro   0x00002481       0x22 ./Core/Src/dma.o
 .debug_macro   0x000024a3       0xbd ./Core/Src/dma.o
 .debug_macro   0x00002560      0xd23 ./Core/Src/dma.o
 .debug_macro   0x00003283     0xe09e ./Core/Src/dma.o
 .debug_macro   0x00011321       0x6d ./Core/Src/dma.o
 .debug_macro   0x0001138e     0x34a2 ./Core/Src/dma.o
 .debug_macro   0x00014830       0x5c ./Core/Src/dma.o
 .debug_macro   0x0001488c      0x5bc ./Core/Src/dma.o
 .debug_macro   0x00014e48      0x289 ./Core/Src/dma.o
 .debug_macro   0x000150d1      0x1cb ./Core/Src/dma.o
 .debug_macro   0x0001529c      0x114 ./Core/Src/dma.o
 .debug_macro   0x000153b0      0x1b2 ./Core/Src/dma.o
 .debug_macro   0x00015562       0x27 ./Core/Src/dma.o
 .debug_macro   0x00015589      0x136 ./Core/Src/dma.o
 .debug_macro   0x000156bf      0x1bc ./Core/Src/dma.o
 .debug_macro   0x0001587b       0x34 ./Core/Src/dma.o
 .debug_macro   0x000158af       0x3c ./Core/Src/dma.o
 .debug_macro   0x000158eb       0x57 ./Core/Src/dma.o
 .debug_macro   0x00015942       0x87 ./Core/Src/dma.o
 .debug_macro   0x000159c9      0x240 ./Core/Src/dma.o
 .debug_macro   0x00015c09      0x140 ./Core/Src/dma.o
 .debug_macro   0x00015d49      0x1ef ./Core/Src/dma.o
 .debug_macro   0x00015f38       0xeb ./Core/Src/dma.o
 .debug_macro   0x00016023      0x28e ./Core/Src/dma.o
 .debug_macro   0x000162b1       0xb7 ./Core/Src/dma.o
 .debug_macro   0x00016368      0x242 ./Core/Src/dma.o
 .debug_macro   0x000165aa       0x83 ./Core/Src/dma.o
 .debug_macro   0x0001662d       0x22 ./Core/Src/dma.o
 .debug_macro   0x0001664f      0x1df ./Core/Src/gpio.o
 .debug_macro   0x0001682e      0x3c6 ./Core/Src/main.o
 .debug_macro   0x00016bf4       0x61 ./Core/Src/main.o
 .debug_macro   0x00016c55       0x16 ./Core/Src/main.o
 .debug_macro   0x00016c6b       0x10 ./Core/Src/main.o
 .debug_macro   0x00016c7b       0x16 ./Core/Src/main.o
 .debug_macro   0x00016c91       0x16 ./Core/Src/main.o
 .debug_macro   0x00016ca7      0x146 ./Core/Src/main.o
 .debug_macro   0x00016ded       0x16 ./Core/Src/main.o
 .debug_macro   0x00016e03       0x6a ./Core/Src/main.o
 .debug_macro   0x00016e6d      0x1c3 ./Core/Src/main.o
 .debug_macro   0x00017030       0x83 ./Core/Src/main.o
 .debug_macro   0x000170b3      0x1df ./Core/Src/rtc.o
 .debug_macro   0x00017292      0x1d5 ./Core/Src/stm32f1xx_hal_msp.o
 .debug_macro   0x00017467      0x390 ./Core/Src/stm32f1xx_it.o
 .debug_macro   0x000177f7       0x1c ./Core/Src/stm32f1xx_it.o
 .debug_macro   0x00017813       0x1c ./Core/Src/stm32f1xx_it.o
 .debug_macro   0x0001782f      0x1c6 ./Core/Src/system_stm32f1xx.o
 .debug_macro   0x000179f5      0x1df ./Core/Src/usart.o
 .debug_macro   0x00017bd4      0x1ea ./Drivers/STM32F1xx_HAL_Driver/Src/stm32f1xx_hal.o
 .debug_macro   0x00017dbe      0x1c6 ./Drivers/STM32F1xx_HAL_Driver/Src/stm32f1xx_hal_cortex.o
 .debug_macro   0x00017f84      0x1c6 ./Drivers/STM32F1xx_HAL_Driver/Src/stm32f1xx_hal_dma.o
 .debug_macro   0x0001814a      0x231 ./Drivers/STM32F1xx_HAL_Driver/Src/stm32f1xx_hal_gpio.o
 .debug_macro   0x0001837b      0x1d2 ./Drivers/STM32F1xx_HAL_Driver/Src/stm32f1xx_hal_pcd.o
 .debug_macro   0x0001854d      0x1c6 ./Drivers/STM32F1xx_HAL_Driver/Src/stm32f1xx_hal_pcd_ex.o
 .debug_macro   0x00018713      0x226 ./Drivers/STM32F1xx_HAL_Driver/Src/stm32f1xx_hal_pwr.o
 .debug_macro   0x00018939      0x1d8 ./Drivers/STM32F1xx_HAL_Driver/Src/stm32f1xx_hal_rcc.o
 .debug_macro   0x00018b11      0x1c6 ./Drivers/STM32F1xx_HAL_Driver/Src/stm32f1xx_hal_rcc_ex.o
 .debug_macro   0x00018cd7      0x1d5 ./Drivers/STM32F1xx_HAL_Driver/Src/stm32f1xx_hal_rtc.o
 .debug_macro   0x00018eac      0x1c7 ./Drivers/STM32F1xx_HAL_Driver/Src/stm32f1xx_hal_uart.o
 .debug_macro   0x00019073      0x1c6 ./Drivers/STM32F1xx_HAL_Driver/Src/stm32f1xx_ll_usb.o
 .debug_macro   0x00019239      0x363 ./Middlewares/ST/STM32_USB_Device_Library/Class/CDC/Src/usbd_cdc.o
 .debug_macro   0x0001959c       0x9e ./Middlewares/ST/STM32_USB_Device_Library/Class/CDC/Src/usbd_cdc.o
 .debug_macro   0x0001963a      0x112 ./Middlewares/ST/STM32_USB_Device_Library/Class/CDC/Src/usbd_cdc.o
 .debug_macro   0x0001974c       0x56 ./Middlewares/ST/STM32_USB_Device_Library/Class/CDC/Src/usbd_cdc.o
 .debug_macro   0x000197a2      0x34a ./Middlewares/ST/STM32_USB_Device_Library/Core/Src/usbd_core.o
 .debug_macro   0x00019aec      0x34a ./Middlewares/ST/STM32_USB_Device_Library/Core/Src/usbd_ctlreq.o
 .debug_macro   0x00019e36      0x346 ./Middlewares/ST/STM32_USB_Device_Library/Core/Src/usbd_ioreq.o
 .debug_macro   0x0001a17c      0x381 ./USB_DEVICE/App/usb_device.o
 .debug_macro   0x0001a4fd      0x38c ./USB_DEVICE/App/usbd_cdc_if.o
 .debug_macro   0x0001a889       0x28 ./USB_DEVICE/App/usbd_cdc_if.o
 .debug_macro   0x0001a8b1      0x384 ./USB_DEVICE/App/usbd_desc.o
 .debug_macro   0x0001ac35      0x363 ./USB_DEVICE/Target/usbd_conf.o

.debug_line     0x00000000    0x1732c
 .debug_line    0x00000000      0xd52 ./Core/Src/SEGGER_RTT.o
 .debug_line    0x00000d52      0x8f0 ./Core/Src/SEGGER_RTT_printf.o
 .debug_line    0x00001642      0x76a ./Core/Src/dma.o
 .debug_line    0x00001dac      0x741 ./Core/Src/gpio.o
 .debug_line    0x000024ed      0xb57 ./Core/Src/main.o
 .debug_line    0x00003044      0x78b ./Core/Src/rtc.o
 .debug_line    0x000037cf      0x746 ./Core/Src/stm32f1xx_hal_msp.o
 .debug_line    0x00003f15      0xc42 ./Core/Src/stm32f1xx_it.o
 .debug_line    0x00004b57      0x7c2 ./Core/Src/system_stm32f1xx.o
 .debug_line    0x00005319      0x98d ./Core/Src/usart.o
 .debug_line    0x00005ca6       0x78 ./Core/Startup/startup_stm32f103c8tx.o
 .debug_line    0x00005d1e      0x9f3 ./Drivers/STM32F1xx_HAL_Driver/Src/stm32f1xx_hal.o
 .debug_line    0x00006711      0xbbd ./Drivers/STM32F1xx_HAL_Driver/Src/stm32f1xx_hal_cortex.o
 .debug_line    0x000072ce      0xdfd ./Drivers/STM32F1xx_HAL_Driver/Src/stm32f1xx_hal_dma.o
 .debug_line    0x000080cb      0xa50 ./Drivers/STM32F1xx_HAL_Driver/Src/stm32f1xx_hal_gpio.o
 .debug_line    0x00008b1b     0x1378 ./Drivers/STM32F1xx_HAL_Driver/Src/stm32f1xx_hal_pcd.o
 .debug_line    0x00009e93      0x7bd ./Drivers/STM32F1xx_HAL_Driver/Src/stm32f1xx_hal_pcd_ex.o
 .debug_line    0x0000a650      0x997 ./Drivers/STM32F1xx_HAL_Driver/Src/stm32f1xx_hal_pwr.o
 .debug_line    0x0000afe7      0xeac ./Drivers/STM32F1xx_HAL_Driver/Src/stm32f1xx_hal_rcc.o
 .debug_line    0x0000be93      0x95d ./Drivers/STM32F1xx_HAL_Driver/Src/stm32f1xx_hal_rcc_ex.o
 .debug_line    0x0000c7f0     0x1202 ./Drivers/STM32F1xx_HAL_Driver/Src/stm32f1xx_hal_rtc.o
 .debug_line    0x0000d9f2     0x250f ./Drivers/STM32F1xx_HAL_Driver/Src/stm32f1xx_hal_uart.o
 .debug_line    0x0000ff01     0x1163 ./Drivers/STM32F1xx_HAL_Driver/Src/stm32f1xx_ll_usb.o
 .debug_line    0x00011064      0xd16 ./Middlewares/ST/STM32_USB_Device_Library/Class/CDC/Src/usbd_cdc.o
 .debug_line    0x00011d7a      0xd43 ./Middlewares/ST/STM32_USB_Device_Library/Core/Src/usbd_core.o
 .debug_line    0x00012abd      0xeb3 ./Middlewares/ST/STM32_USB_Device_Library/Core/Src/usbd_ctlreq.o
 .debug_line    0x00013970      0xa54 ./Middlewares/ST/STM32_USB_Device_Library/Core/Src/usbd_ioreq.o
 .debug_line    0x000143c4      0x9ef ./USB_DEVICE/App/usb_device.o
 .debug_line    0x00014db3      0xc28 ./USB_DEVICE/App/usbd_cdc_if.o
 .debug_line    0x000159db      0xa30 ./USB_DEVICE/App/usbd_desc.o
 .debug_line    0x0001640b      0xf21 ./USB_DEVICE/Target/usbd_conf.o

.debug_str      0x00000000    0x8a3c1
 .debug_str     0x00000000    0x8a3c1 ./Core/Src/SEGGER_RTT.o
                               0x753f (size before relaxing)
 .debug_str     0x0008a3c1     0x7290 ./Core/Src/SEGGER_RTT_printf.o
 .debug_str     0x0008a3c1    0x813c7 ./Core/Src/dma.o
 .debug_str     0x0008a3c1    0x80e7d ./Core/Src/gpio.o
 .debug_str     0x0008a3c1    0x865e8 ./Core/Src/main.o
 .debug_str     0x0008a3c1    0x81091 ./Core/Src/rtc.o
 .debug_str     0x0008a3c1    0x811b2 ./Core/Src/stm32f1xx_hal_msp.o
 .debug_str     0x0008a3c1    0x867c7 ./Core/Src/stm32f1xx_it.o
 .debug_str     0x0008a3c1    0x80e6a ./Core/Src/system_stm32f1xx.o
 .debug_str     0x0008a3c1    0x81810 ./Core/Src/usart.o
 .debug_str     0x0008a3c1       0x97 ./Core/Startup/startup_stm32f103c8tx.o
 .debug_str     0x0008a3c1    0x8159d ./Drivers/STM32F1xx_HAL_Driver/Src/stm32f1xx_hal.o
 .debug_str     0x0008a3c1    0x814e9 ./Drivers/STM32F1xx_HAL_Driver/Src/stm32f1xx_hal_cortex.o
 .debug_str     0x0008a3c1    0x81213 ./Drivers/STM32F1xx_HAL_Driver/Src/stm32f1xx_hal_dma.o
 .debug_str     0x0008a3c1    0x811f0 ./Drivers/STM32F1xx_HAL_Driver/Src/stm32f1xx_hal_gpio.o
 .debug_str     0x0008a3c1    0x81787 ./Drivers/STM32F1xx_HAL_Driver/Src/stm32f1xx_hal_pcd.o
 .debug_str     0x0008a3c1    0x812e9 ./Drivers/STM32F1xx_HAL_Driver/Src/stm32f1xx_hal_pcd_ex.o
 .debug_str     0x0008a3c1    0x813a1 ./Drivers/STM32F1xx_HAL_Driver/Src/stm32f1xx_hal_pwr.o
 .debug_str     0x0008a3c1    0x81299 ./Drivers/STM32F1xx_HAL_Driver/Src/stm32f1xx_hal_rcc.o
 .debug_str     0x0008a3c1    0x80fe9 ./Drivers/STM32F1xx_HAL_Driver/Src/stm32f1xx_hal_rcc_ex.o
 .debug_str     0x0008a3c1    0x81375 ./Drivers/STM32F1xx_HAL_Driver/Src/stm32f1xx_hal_rtc.o
 .debug_str     0x0008a3c1    0x8190a ./Drivers/STM32F1xx_HAL_Driver/Src/stm32f1xx_hal_uart.o
 .debug_str     0x0008a3c1    0x8133b ./Drivers/STM32F1xx_HAL_Driver/Src/stm32f1xx_ll_usb.o
 .debug_str     0x0008a3c1    0x859a2 ./Middlewares/ST/STM32_USB_Device_Library/Class/CDC/Src/usbd_cdc.o
 .debug_str     0x0008a3c1    0x8563e ./Middlewares/ST/STM32_USB_Device_Library/Core/Src/usbd_core.o
 .debug_str     0x0008a3c1    0x85558 ./Middlewares/ST/STM32_USB_Device_Library/Core/Src/usbd_ctlreq.o
 .debug_str     0x0008a3c1    0x85485 ./Middlewares/ST/STM32_USB_Device_Library/Core/Src/usbd_ioreq.o
 .debug_str     0x0008a3c1    0x85743 ./USB_DEVICE/App/usb_device.o
 .debug_str     0x0008a3c1    0x86908 ./USB_DEVICE/App/usbd_cdc_if.o
 .debug_str     0x0008a3c1    0x852fe ./USB_DEVICE/App/usbd_desc.o
 .debug_str     0x0008a3c1    0x8625e ./USB_DEVICE/Target/usbd_conf.o

.comment        0x00000000       0x43
 .comment       0x00000000       0x43 ./Core/Src/SEGGER_RTT.o
                                 0x44 (size before relaxing)
 .comment       0x00000043       0x44 ./Core/Src/SEGGER_RTT_printf.o
 .comment       0x00000043       0x44 ./Core/Src/dma.o
 .comment       0x00000043       0x44 ./Core/Src/gpio.o
 .comment       0x00000043       0x44 ./Core/Src/main.o
 .comment       0x00000043       0x44 ./Core/Src/rtc.o
 .comment       0x00000043       0x44 ./Core/Src/stm32f1xx_hal_msp.o
 .comment       0x00000043       0x44 ./Core/Src/stm32f1xx_it.o
 .comment       0x00000043       0x44 ./Core/Src/system_stm32f1xx.o
 .comment       0x00000043       0x44 ./Core/Src/usart.o
 .comment       0x00000043       0x44 ./Drivers/STM32F1xx_HAL_Driver/Src/stm32f1xx_hal.o
 .comment       0x00000043       0x44 ./Drivers/STM32F1xx_HAL_Driver/Src/stm32f1xx_hal_cortex.o
 .comment       0x00000043       0x44 ./Drivers/STM32F1xx_HAL_Driver/Src/stm32f1xx_hal_dma.o
 .comment       0x00000043       0x44 ./Drivers/STM32F1xx_HAL_Driver/Src/stm32f1xx_hal_gpio.o
 .comment       0x00000043       0x44 ./Drivers/STM32F1xx_HAL_Driver/Src/stm32f1xx_hal_pcd.o
 .comment       0x00000043       0x44 ./Drivers/STM32F1xx_HAL_Driver/Src/stm32f1xx_hal_pcd_ex.o
 .comment       0x00000043       0x44 ./Drivers/STM32F1xx_HAL_Driver/Src/stm32f1xx_hal_pwr.o
 .comment       0x00000043       0x44 ./Drivers/STM32F1xx_HAL_Driver/Src/stm32f1xx_hal_rcc.o
 .comment       0x00000043       0x44 ./Drivers/STM32F1xx_HAL_Driver/Src/stm32f1xx_hal_rcc_ex.o
 .comment       0x00000043       0x44 ./Drivers/STM32F1xx_HAL_Driver/Src/stm32f1xx_hal_rtc.o
 .comment       0x00000043       0x44 ./Drivers/STM32F1xx_HAL_Driver/Src/stm32f1xx_hal_uart.o
 .comment       0x00000043       0x44 ./Drivers/STM32F1xx_HAL_Driver/Src/stm32f1xx_ll_usb.o
 .comment       0x00000043       0x44 ./Middlewares/ST/STM32_USB_Device_Library/Class/CDC/Src/usbd_cdc.o
 .comment       0x00000043       0x44 ./Middlewares/ST/STM32_USB_Device_Library/Core/Src/usbd_core.o
 .comment       0x00000043       0x44 ./Middlewares/ST/STM32_USB_Device_Library/Core/Src/usbd_ctlreq.o
 .comment       0x00000043       0x44 ./Middlewares/ST/STM32_USB_Device_Library/Core/Src/usbd_ioreq.o
 .comment       0x00000043       0x44 ./USB_DEVICE/App/usb_device.o
 .comment       0x00000043       0x44 ./USB_DEVICE/App/usbd_cdc_if.o
 .comment       0x00000043       0x44 ./USB_DEVICE/App/usbd_desc.o
 .comment       0x00000043       0x44 ./USB_DEVICE/Target/usbd_conf.o

.debug_frame    0x00000000     0x41e0
 .debug_frame   0x00000000      0x450 ./Core/Src/SEGGER_RTT.o
 .debug_frame   0x00000450       0xe0 ./Core/Src/SEGGER_RTT_printf.o
 .debug_frame   0x00000530       0x34 ./Core/Src/dma.o
 .debug_frame   0x00000564       0x38 ./Core/Src/gpio.o
 .debug_frame   0x0000059c       0xd8 ./Core/Src/main.o
 .debug_frame   0x00000674       0x78 ./Core/Src/rtc.o
 .debug_frame   0x000006ec       0x34 ./Core/Src/stm32f1xx_hal_msp.o
 .debug_frame   0x00000720      0x1f8 ./Core/Src/stm32f1xx_it.o
 .debug_frame   0x00000918       0x58 ./Core/Src/system_stm32f1xx.o
 .debug_frame   0x00000970      0x108 ./Core/Src/usart.o
 .debug_frame   0x00000a78      0x334 ./Drivers/STM32F1xx_HAL_Driver/Src/stm32f1xx_hal.o
 .debug_frame   0x00000dac      0x428 ./Drivers/STM32F1xx_HAL_Driver/Src/stm32f1xx_hal_cortex.o
 .debug_frame   0x000011d4      0x208 ./Drivers/STM32F1xx_HAL_Driver/Src/stm32f1xx_hal_dma.o
 .debug_frame   0x000013dc      0x14c ./Drivers/STM32F1xx_HAL_Driver/Src/stm32f1xx_hal_gpio.o
 .debug_frame   0x00001528      0x594 ./Drivers/STM32F1xx_HAL_Driver/Src/stm32f1xx_hal_pcd.o
 .debug_frame   0x00001abc       0xb0 ./Drivers/STM32F1xx_HAL_Driver/Src/stm32f1xx_hal_pcd_ex.o
 .debug_frame   0x00001b6c      0x270 ./Drivers/STM32F1xx_HAL_Driver/Src/stm32f1xx_hal_pwr.o
 .debug_frame   0x00001ddc      0x218 ./Drivers/STM32F1xx_HAL_Driver/Src/stm32f1xx_hal_rcc.o
 .debug_frame   0x00001ff4       0x80 ./Drivers/STM32F1xx_HAL_Driver/Src/stm32f1xx_hal_rcc_ex.o
 .debug_frame   0x00002074      0x434 ./Drivers/STM32F1xx_HAL_Driver/Src/stm32f1xx_hal_rtc.o
 .debug_frame   0x000024a8      0x944 ./Drivers/STM32F1xx_HAL_Driver/Src/stm32f1xx_hal_uart.o
 .debug_frame   0x00002dec      0x470 ./Drivers/STM32F1xx_HAL_Driver/Src/stm32f1xx_ll_usb.o
 .debug_frame   0x0000325c      0x254 ./Middlewares/ST/STM32_USB_Device_Library/Class/CDC/Src/usbd_cdc.o
 .debug_frame   0x000034b0      0x300 ./Middlewares/ST/STM32_USB_Device_Library/Core/Src/usbd_core.o
 .debug_frame   0x000037b0      0x210 ./Middlewares/ST/STM32_USB_Device_Library/Core/Src/usbd_ctlreq.o
 .debug_frame   0x000039c0      0x10c ./Middlewares/ST/STM32_USB_Device_Library/Core/Src/usbd_ioreq.o
 .debug_frame   0x00003acc       0x2c ./USB_DEVICE/App/usb_device.o
 .debug_frame   0x00003af8       0xe4 ./USB_DEVICE/App/usbd_cdc_if.o
 .debug_frame   0x00003bdc      0x114 ./USB_DEVICE/App/usbd_desc.o
 .debug_frame   0x00003cf0      0x47c ./USB_DEVICE/Target/usbd_conf.o
 .debug_frame   0x0000416c       0x20 C:/ST/STM32CubeIDE_1.18.0/STM32CubeIDE/plugins/com.st.stm32cube.ide.mcu.externaltools.gnu-tools-for-stm32.13.3.rel1.win32_1.0.0.202411081344/tools/bin/../lib/gcc/arm-none-eabi/13.3.1/../../../../arm-none-eabi/lib/thumb/v7-m/nofp\libc_nano.a(libc_a-memset.o)
 .debug_frame   0x0000418c       0x2c C:/ST/STM32CubeIDE_1.18.0/STM32CubeIDE/plugins/com.st.stm32cube.ide.mcu.externaltools.gnu-tools-for-stm32.13.3.rel1.win32_1.0.0.202411081344/tools/bin/../lib/gcc/arm-none-eabi/13.3.1/../../../../arm-none-eabi/lib/thumb/v7-m/nofp\libc_nano.a(libc_a-init.o)
 .debug_frame   0x000041b8       0x28 C:/ST/STM32CubeIDE_1.18.0/STM32CubeIDE/plugins/com.st.stm32cube.ide.mcu.externaltools.gnu-tools-for-stm32.13.3.rel1.win32_1.0.0.202411081344/tools/bin/../lib/gcc/arm-none-eabi/13.3.1/../../../../arm-none-eabi/lib/thumb/v7-m/nofp\libc_nano.a(libc_a-memcpy-stub.o)

.debug_line_str
                0x00000000       0x7b
 .debug_line_str
                0x00000000       0x7b ./Core/Startup/startup_stm32f103c8tx.o